MPLINK 4.31, Linker
Linker Map File - Created Thu Mar 04 10:22:07 2021

                                 Section Info
                  Section       Type    Address   Location Size(Bytes)
                ---------  ---------  ---------  ---------  ---------
               _entry_scn       code   0x000000    program   0x000006
    HIGH_INTERRUPT_VECTOR       code   0x000008    program   0x000006
     LOW_INTERRUPT_VECTOR       code   0x000018    program   0x000006
    REMAPPED_RESET_VECTOR       code   0x00a000    program   0x000006
       .code__user_putc.o       code   0x00a006    program   0x000002
REMAPPED_HIGH_INTERRUPT_VECTOR       code   0x00a008    program   0x000006
           .code___init.o       code   0x00a00e    program   0x000002
              SEED_DATA_i    romdata   0x00a010    program   0x000002
         .idata_graph.o_i    romdata   0x00a012    program   0x000002
      .idata_fxd3232u.o_i    romdata   0x00a014    program   0x000000
       .idata_fxm3232.o_i    romdata   0x00a014    program   0x000000
    .idata__user_putc.o_i    romdata   0x00a014    program   0x000000
            .code_c018i.o       code   0x00a014    program   0x000000
        .idata___init.o_i    romdata   0x00a014    program   0x000000
      .idata_fxd1616u.o_i    romdata   0x00a014    program   0x000000
        .idata_BMA150.o_i    romdata   0x00a014    program   0x000000
         .idata_c018i.o_i    romdata   0x00a014    program   0x000000
REMAPPED_LOW_INTERRUPT_VECTOR       code   0x00a018    program   0x000006
                   .cinit    romdata   0x00a01e    program   0x00004a
         .code_vfprintf.o       code   0x00a068    program   0x000c22
             .code_main.o       code   0x00ac8a    program   0x000a5c
          .code_physics.o       code   0x00b6e6    program   0x00086c
            .code_graph.o       code   0x00bf52    program   0x00074c
                     PROG       code   0x00c69e    program   0x000670
             .code_oled.o       code   0x00cd0e    program   0x00045e
           .code_BMA150.o       code   0x00d16c    program   0x000274
           .code_mtouch.o       code   0x00d3e0    program   0x0001e4
          .romdata_oled.o    romdata   0x00d5c4    program   0x0001db
             .stringtable    romdata   0x00d79f    program   0x0001b0
      .idata_vfprintf.o_i    romdata   0x00d94f    program   0x000000
           graph_buffer_i    romdata   0x00d94f    program   0x000000
        .romdata___init.o    romdata   0x00d94f    program   0x000000
          .romdata_main.o    romdata   0x00d94f    program   0x000000
      .romdata_fxd3232u.o    romdata   0x00d94f    program   0x000000
    .romdata_soft_start.o    romdata   0x00d94f    program   0x000000
         .romdata_c018i.o    romdata   0x00d94f    program   0x000000
    .idata_soft_start.o_i    romdata   0x00d94f    program   0x000001
         .romdata_graph.o    romdata   0x00d94f    program   0x000000
       .romdata_physics.o    romdata   0x00d94f    program   0x000000
       .code_soft_start.o       code   0x00d950    program   0x0000f0
          .code_sprintf.o       code   0x00da40    program   0x0000ac
           .code_levels.o       code   0x00daec    program   0x0000aa
               _cinit_scn       code   0x00db96    program   0x00009e
             .code_putc.o       code   0x00dc34    program   0x000084
          .code_fxm3232.o       code   0x00dcb8    program   0x000070
                   STRING       code   0x00dd28    program   0x000066
         .code_fxd3232u.o       code   0x00dd8e    program   0x000048
                   STDLIB       code   0x00ddd6    program   0x00003c
         .code_fxd1616u.o       code   0x00de12    program   0x00002c
                    CTYPE       code   0x00de3e    program   0x000024
             _startup_scn       code   0x00de62    program   0x00001c
                    STDIO       code   0x00de7e    program   0x00001c
      .romdata_vfprintf.o    romdata   0x00de9a    program   0x000011
          .idata_putc.o_i    romdata   0x00deab    program   0x000000
          .romdata_putc.o    romdata   0x00deab    program   0x000000
       .romdata_fxm3232.o    romdata   0x00deab    program   0x000000
    .romdata__user_putc.o    romdata   0x00deab    program   0x000000
       .romdata_sprintf.o    romdata   0x00deab    program   0x000000
       .idata_sprintf.o_i    romdata   0x00deab    program   0x000000
      .romdata_fxd1616u.o    romdata   0x00deab    program   0x000000
          .idata_oled.o_i    romdata   0x00deab    program   0x000000
        .romdata_mtouch.o    romdata   0x00deab    program   0x000000
        .idata_mtouch.o_i    romdata   0x00deab    program   0x000000
        .romdata_BMA150.o    romdata   0x00deab    program   0x000000
        .romdata_levels.o    romdata   0x00deab    program   0x000000
        .idata_levels.o_i    romdata   0x00deab    program   0x000001
                    .code       code   0x00deac    program   0x00000e
       .idata_physics.o_i    romdata   0x00deba    program   0x0000e6
          .idata_main.o_i    romdata   0x00dfa0    program   0x000016
      .config_fff8_main.o    romdata   0x00fff8    program   0x000001
      .config_fff9_main.o    romdata   0x00fff9    program   0x000001
      .config_fffa_main.o    romdata   0x00fffa    program   0x000001
      .config_fffb_main.o    romdata   0x00fffb    program   0x000001
      .config_fffc_main.o    romdata   0x00fffc    program   0x000001
      .config_fffd_main.o    romdata   0x00fffd    program   0x000001
      .config_fffe_main.o    romdata   0x00fffe    program   0x000001
      .config_ffff_main.o    romdata   0x00ffff    program   0x000001
                MATH_DATA      udata   0x000000       data   0x000014
                 .tmpdata      udata   0x000014       data   0x00000f
         .udata_physics.o      udata   0x000060       data   0x00002f
            .udata_main.o      udata   0x00008f       data   0x00000b
           .udata_c018i.o      udata   0x00009a       data   0x00000a
                SEED_DATA      idata   0x0000a4       data   0x000002
           .idata_graph.o      idata   0x0000a6       data   0x000002
          .idata_levels.o      idata   0x0000a8       data   0x000001
      .udata__user_putc.o      udata   0x0000a9       data   0x000000
            .idata_putc.o      idata   0x0000a9       data   0x000000
            .udata_putc.o      udata   0x0000a9       data   0x000000
         .idata_fxm3232.o      idata   0x0000a9       data   0x000000
         .udata_fxm3232.o      udata   0x0000a9       data   0x000000
        .idata_fxd3232u.o      idata   0x0000a9       data   0x000000
        .udata_fxd3232u.o      udata   0x0000a9       data   0x000000
        .idata_vfprintf.o      idata   0x0000a9       data   0x000000
        .udata_vfprintf.o      udata   0x0000a9       data   0x000000
         .idata_sprintf.o      idata   0x0000a9       data   0x000000
        .udata_fxd1616u.o      udata   0x0000a9       data   0x000000
        .idata_fxd1616u.o      idata   0x0000a9       data   0x000000
          .udata___init.o      udata   0x0000a9       data   0x000000
          .idata___init.o      idata   0x0000a9       data   0x000000
         .udata_sprintf.o      udata   0x0000a9       data   0x000000
      .idata__user_putc.o      idata   0x0000a9       data   0x000000
            .idata_oled.o      idata   0x0000a9       data   0x000000
          .idata_mtouch.o      idata   0x0000a9       data   0x000000
          .idata_BMA150.o      idata   0x0000a9       data   0x000000
      .udata_soft_start.o      udata   0x0000a9       data   0x000000
           .idata_c018i.o      idata   0x0000a9       data   0x000000
          .udata_levels.o      udata   0x000100       data   0x0000ee
            .udata_oled.o      udata   0x0001ee       data   0x00000b
          .udata_BMA150.o      udata   0x0001f9       data   0x000006
      .idata_soft_start.o      idata   0x0001ff       data   0x000001
         .idata_physics.o      idata   0x000200       data   0x0000e6
            .idata_main.o      idata   0x0002e6       data   0x000016
          .udata_mtouch.o      udata   0x0002fc       data   0x000004
           .udata_graph.o      udata   0x000500       data   0x000400
             graph_buffer      idata   0x000500       data   0x000000
                   .stack      udata   0x000d00       data   0x000100
              SFR_BANKED0      udata   0x000ec6       data   0x00000e
              SFR_BANKED1      udata   0x000ed7       data   0x000008
              SFR_BANKED2      udata   0x000ee7       data   0x000004
              SFR_BANKED3      udata   0x000eec       data   0x000003
              SFR_BANKED4      udata   0x000ef2       data   0x000002
              SFR_BANKED5      udata   0x000ef6       data   0x000002
              SFR_BANKED6      udata   0x000efb       data   0x000005
              SFR_BANKED7      udata   0x000f26       data   0x000014
              SFR_BANKED8      udata   0x000f3c       data   0x000007
              SFR_BANKED9      udata   0x000f48       data   0x000008
             SFR_BANKED10      udata   0x000f52       data   0x00000e
            SFR_UNBANKED0      udata   0x000f60       data   0x0000a0



                              Program Memory Usage 
                               Start         End      
                           ---------   ---------      
                            0x000000    0x000005      
                            0x000008    0x00000d      
                            0x000018    0x00001d      
                            0x00a000    0x00a013      
                            0x00a018    0x00dfb5      
                            0x00fff8    0x00ffff      
            16332 out of 64523 program addresses used, program memory utilization is 25%



                              Symbols - Sorted by Name
                     Name    Address   Location    Storage File                     
                ---------  ---------  ---------  --------- ---------                
          AppPowerDisable   0x00d99c    program     extern D:\M1\Q1\Systèmes embarqués\Programmation des systèmes embarqués\PIC18F Starter Kit winners\Snake\SnakeV1.1\soft_start.c
           AppPowerEnable   0x00d950    program     extern D:\M1\Q1\Systèmes embarqués\Programmation des systèmes embarqués\PIC18F Starter Kit winners\Snake\SnakeV1.1\soft_start.c
            AppPowerReady   0x00d9a8    program     extern D:\M1\Q1\Systèmes embarqués\Programmation des systèmes embarqués\PIC18F Starter Kit winners\Snake\SnakeV1.1\soft_start.c
          BMA150_ReadByte   0x00d332    program     extern D:\M1\Q1\Systèmes embarqués\Programmation des systèmes embarqués\PIC18F Starter Kit winners\Snake\SnakeV1.1\BMA150.c
         BMA150_WriteByte   0x00d250    program     extern D:\M1\Q1\Systèmes embarqués\Programmation des systèmes embarqués\PIC18F Starter Kit winners\Snake\SnakeV1.1\BMA150.c
             CalibrateAcc   0x00acf8    program     extern D:\M1\Q1\Systèmes embarqués\Programmation des systèmes embarqués\PIC18F Starter Kit winners\Snake\SnakeV1.1\main.c
       CheckButtonPressed   0x00b49c    program     extern D:\M1\Q1\Systèmes embarqués\Programmation des systèmes embarqués\PIC18F Starter Kit winners\Snake\SnakeV1.1\main.c
                   D1616S   0x00c9ba    program     static C:\MCC18\src\traditional\math\fxd1616s.asm
                D1616SNEG   0x00c9c8    program     static C:\MCC18\src\traditional\math\fxd1616s.asm
                 D1616SOK   0x00c9c4    program     static C:\MCC18\src\traditional\math\fxd1616s.asm
                  D1616SX   0x00c9da    program     static C:\MCC18\src\traditional\math\fxd1616s.asm
                  DA1616S   0x00c9aa    program     static C:\MCC18\src\traditional\math\fxd1616s.asm
                  DelayMs   0x00cd0e    program     extern D:\M1\Q1\Systèmes embarqués\Programmation des systèmes embarqués\PIC18F Starter Kit winners\Snake\SnakeV1.1\oled.c
         DemoIntroduction   0x00af6a    program     extern D:\M1\Q1\Systèmes embarqués\Programmation des systèmes embarqués\PIC18F Starter Kit winners\Snake\SnakeV1.1\main.c
                 DrawFood   0x00c028    program     extern D:\M1\Q1\Systèmes embarqués\Programmation des systèmes embarqués\PIC18F Starter Kit winners\Snake\SnakeV1.1\graph.c
                  DrawPix   0x00c122    program     extern D:\M1\Q1\Systèmes embarqués\Programmation des systèmes embarqués\PIC18F Starter Kit winners\Snake\SnakeV1.1\graph.c
                DrawScene   0x00c358    program     extern D:\M1\Q1\Systèmes embarqués\Programmation des systèmes embarqués\PIC18F Starter Kit winners\Snake\SnakeV1.1\graph.c
                DrawSnake   0x00c17a    program     extern D:\M1\Q1\Systèmes embarqués\Programmation des systèmes embarqués\PIC18F Starter Kit winners\Snake\SnakeV1.1\graph.c
                 FLO0832S   0x00c6a2    program     extern C:\MCC18\src\traditional\math\cast08FP.asm
                 FLO0832U   0x00c69e    program     extern C:\MCC18\src\traditional\math\cast08FP.asm
                 FLO1632S   0x00c6c4    program     extern C:\MCC18\src\traditional\math\cast16FP.asm
                 FLO1632U   0x00c6c0    program     extern C:\MCC18\src\traditional\math\cast16FP.asm
                    FPA32   0x00c6ec    program     extern C:\MCC18\src\traditional\math\addFP.asm
                    FPD32   0x00c818    program     extern C:\MCC18\src\traditional\math\divFP.asm
                    FPM32   0x00c8be    program     extern C:\MCC18\src\traditional\math\mulFP.asm
                    FPS32   0x00c6ea    program     extern C:\MCC18\src\traditional\math\addFP.asm
                 FXD1616S   0x00c998    program     extern C:\MCC18\src\traditional\math\fxd1616s.asm
                 FXD1616U   0x00de12    program     extern C:\MCC18\src\traditional\math\fxd1616u.c
                 FXD3232U   0x00dd8e    program     extern C:\MCC18\src\traditional\math\fxd3232u.c
                 FXM1616S   0x00c9e4    program     extern C:\MCC18\src\traditional\math\fxm1616s.asm
                 FXM1616U   0x00ccd2    program     extern C:\MCC18\src\traditional\math\fxm1616u.asm
                  FXM3232   0x00dcb8    program     extern C:\MCC18\src\traditional\math\fxm3232.c
                     Fill   0x00bfe4    program     extern D:\M1\Q1\Systèmes embarqués\Programmation des systèmes embarqués\PIC18F Starter Kit winners\Snake\SnakeV1.1\graph.c
              FillDisplay   0x00ce08    program     extern D:\M1\Q1\Systèmes embarqués\Programmation des systèmes embarqués\PIC18F Starter Kit winners\Snake\SnakeV1.1\oled.c
            FlushGraphics   0x00bf52    program     extern D:\M1\Q1\Systèmes embarqués\Programmation des systèmes embarqués\PIC18F Starter Kit winners\Snake\SnakeV1.1\graph.c
       GetScrollDirection   0x00adf6    program     extern D:\M1\Q1\Systèmes embarqués\Programmation des systèmes embarqués\PIC18F Starter Kit winners\Snake\SnakeV1.1\main.c
           GetScrollState   0x00acb4    program     extern D:\M1\Q1\Systèmes embarqués\Programmation des systèmes embarqués\PIC18F Starter Kit winners\Snake\SnakeV1.1\main.c
                 High_ISR   0x000008    program     extern D:\M1\Q1\Systèmes embarqués\Programmation des systèmes embarqués\PIC18F Starter Kit winners\Snake\SnakeV1.1\main.c
                  INT3208   0x00ca3e    program     extern C:\MCC18\src\traditional\math\castFP08.asm
                  INT3216   0x00ca8c    program     extern C:\MCC18\src\traditional\math\castFP16.asm
                  InitADC   0x00d3f8    program     extern D:\M1\Q1\Systèmes embarqués\Programmation des systèmes embarqués\PIC18F Starter Kit winners\Snake\SnakeV1.1\mtouch.c
               InitBma150   0x00d16c    program     extern D:\M1\Q1\Systèmes embarqués\Programmation des systèmes embarqués\PIC18F Starter Kit winners\Snake\SnakeV1.1\BMA150.c
                 InitCTMU   0x00d3e0    program     extern D:\M1\Q1\Systèmes embarqués\Programmation des systèmes embarqués\PIC18F Starter Kit winners\Snake\SnakeV1.1\mtouch.c
         InitializeSystem   0x00b4fe    program     static D:\M1\Q1\Systèmes embarqués\Programmation des systèmes embarqués\PIC18F Starter Kit winners\Snake\SnakeV1.1\main.c
                  Low_ISR   0x000018    program     extern D:\M1\Q1\Systèmes embarqués\Programmation des systèmes embarqués\PIC18F Starter Kit winners\Snake\SnakeV1.1\main.c
                ProcessIO   0x00b56a    program     extern D:\M1\Q1\Systèmes embarqués\Programmation des systèmes embarqués\PIC18F Starter Kit winners\Snake\SnakeV1.1\main.c
             ReadAccState   0x00b6e6    program     extern D:\M1\Q1\Systèmes embarqués\Programmation des systèmes embarqués\PIC18F Starter Kit winners\Snake\SnakeV1.1\physics.c
        Remapped_High_ISR   0x00a008    program     extern D:\M1\Q1\Systèmes embarqués\Programmation des systèmes embarqués\PIC18F Starter Kit winners\Snake\SnakeV1.1\main.c
         Remapped_Low_ISR   0x00a018    program     extern D:\M1\Q1\Systèmes embarqués\Programmation des systèmes embarqués\PIC18F Starter Kit winners\Snake\SnakeV1.1\main.c
              ResetDevice   0x00cd56    program     extern D:\M1\Q1\Systèmes embarqués\Programmation des systèmes embarqués\PIC18F Starter Kit winners\Snake\SnakeV1.1\oled.c
              SelectLevel   0x00ae74    program     extern D:\M1\Q1\Systèmes embarqués\Programmation des systèmes embarqués\PIC18F Starter Kit winners\Snake\SnakeV1.1\main.c
              SpiPinRemap   0x00d22c    program     extern D:\M1\Q1\Systèmes embarqués\Programmation des systèmes embarqués\PIC18F Starter Kit winners\Snake\SnakeV1.1\BMA150.c
                     Step   0x00b764    program     extern D:\M1\Q1\Systèmes embarqués\Programmation des systèmes embarqués\PIC18F Starter Kit winners\Snake\SnakeV1.1\physics.c
                  TAEQB32   0x00caea    program     extern C:\MCC18\src\traditional\math\eqFP.asm
                  TAGTB32   0x00caf8    program     extern C:\MCC18\src\traditional\math\gtFP.asm
                  TALTB32   0x00cb0a    program     extern C:\MCC18\src\traditional\math\ltFP.asm
               TSIGN1616A   0x00ca30    program     static C:\MCC18\src\traditional\math\fxm1616s.asm
                 UserInit   0x00b53c    program     extern D:\M1\Q1\Systèmes embarqués\Programmation des systèmes embarqués\PIC18F Starter Kit winners\Snake\SnakeV1.1\main.c
             WriteCommand   0x00cdfc    program     extern D:\M1\Q1\Systèmes embarqués\Programmation des systèmes embarqués\PIC18F Starter Kit winners\Snake\SnakeV1.1\oled.c
                WriteData   0x00ce02    program     extern D:\M1\Q1\Systèmes embarqués\Programmation des systèmes embarqués\PIC18F Starter Kit winners\Snake\SnakeV1.1\oled.c
  YourHighPriorityISRCode   0x00ac8a    program     extern D:\M1\Q1\Systèmes embarqués\Programmation des systèmes embarqués\PIC18F Starter Kit winners\Snake\SnakeV1.1\main.c
   YourLowPriorityISRCode   0x00ac90    program     extern D:\M1\Q1\Systèmes embarqués\Programmation des systèmes embarqués\PIC18F Starter Kit winners\Snake\SnakeV1.1\main.c
                   _2jEnd   0x00dd78    program     static C:\MCC18\src\traditional\stdclib\slenpgm.asm
              __FpCompare   0x00cb1c    program     extern C:\MCC18\src\traditional\math\compFP.asm
                 __FpExit   0x00cbd2    program     extern C:\MCC18\src\traditional\math\packFP.asm
                 __FpPack   0x00cbfe    program     extern C:\MCC18\src\traditional\math\packFP.asm
            __FpReturnNaN   0x00cbc6    program     extern C:\MCC18\src\traditional\math\packFP.asm
         __FpReturnNegInf   0x00cbd8    program     extern C:\MCC18\src\traditional\math\packFP.asm
        __FpReturnNegZero   0x00cbf0    program     extern C:\MCC18\src\traditional\math\packFP.asm
         __FpReturnPosInf   0x00cbde    program     extern C:\MCC18\src\traditional\math\packFP.asm
        __FpReturnPosZero   0x00cbf8    program     extern C:\MCC18\src\traditional\math\packFP.asm
        __FpReturnSignInf   0x00cbd4    program     extern C:\MCC18\src\traditional\math\packFP.asm
       __FpReturnSignZero   0x00cbec    program     extern C:\MCC18\src\traditional\math\packFP.asm
              __FpReturnW   0x00cc56    program     extern C:\MCC18\src\traditional\math\packFP.asm
              __FpUnPackA   0x00cc76    program     extern C:\MCC18\src\traditional\math\UnpackFP.asm
              __FpUnPackB   0x00cca6    program     extern C:\MCC18\src\traditional\math\UnpackFP.asm
       ___case_0_lbl00048   0x00afa6    program     static                          
       ___case_0_lbl00069   0x00b2dc    program     static                          
       ___case_1_lbl00050   0x00b054    program     static                          
       ___case_1_lbl00073   0x00b34e    program     static                          
       ___case_2_lbl00074   0x00b374    program     static                          
       ___case_3_lbl00075   0x00b392    program     static                          
       ___case_4_lbl00051   0x00b062    program     static                          
       ___case_5_lbl00053   0x00b11e    program     static                          
       ___case_6_lbl00054   0x00b12a    program     static                          
       ___case_7_lbl00077   0x00b398    program     static                          
       ___case_8_lbl00078   0x00b39c    program     static                          
       ___case_9_lbl00079   0x00b482    program     static                          
      ___default_lbl00080   0x00b486    program     static                          
         ___else_lbl00009   0x00d31a    program     static                          
         ___else_lbl00059   0x00b14a    program     static                          
         ___else_lbl00061   0x00b1b0    program     static                          
         ___else_lbl00063   0x00b1ec    program     static                          
         ___else_lbl00065   0x00b22a    program     static                          
         ___else_lbl00067   0x00b268    program     static                          
          ___for_lbl00070   0x00b33c    program     static                          
          ___for_lbl00071   0x00b340    program     static                          
          ___for_lbl00072   0x00b2f0    program     static                          
           ___if_lbl00001   0x00d1b2    program     static                          
           ___if_lbl00005   0x00d278    program     static                          
           ___if_lbl00008   0x00d322    program     static                          
           ___if_lbl00049   0x00b060    program     static                          
           ___if_lbl00052   0x00b128    program     static                          
           ___if_lbl00055   0x00b148    program     static                          
           ___if_lbl00056   0x00b15c    program     static                          
           ___if_lbl00057   0x00b15c    program     static                          
           ___if_lbl00058   0x00b15c    program     static                          
           ___if_lbl00060   0x00b1ca    program     static                          
           ___if_lbl00062   0x00b206    program     static                          
           ___if_lbl00064   0x00b244    program     static                          
           ___if_lbl00066   0x00b282    program     static                          
           ___if_lbl00076   0x00b396    program     static                          
       ___return_lbl00000   0x00d218    program     static                          
       ___return_lbl00000   0x000004    program     static                          
       ___return_lbl00000   0x00dd26    program     static                          
       ___return_lbl00000   0x00a004    program     static                          
       ___return_lbl00000   0x00ddd4    program     static                          
       ___return_lbl00000   0x00de3c    program     static                          
       ___return_lbl00001   0x00a00c    program     static                          
       ___return_lbl00001   0x00de7c    program     static                          
       ___return_lbl00002   0x00a01c    program     static                          
       ___return_lbl00002   0x00dc32    program     static                          
       ___return_lbl00003   0x00000c    program     static                          
       ___return_lbl00003   0x00d328    program     static                          
       ___return_lbl00003   0x00d4ee    program     static                          
       ___return_lbl00004   0x00001c    program     static                          
       ___return_lbl00012   0x00d3d8    program     static                          
       ___return_lbl00046   0x00b488    program     static                          
   ___switchexit_lbl00047   0x00b488    program     static                          
   ___switchexit_lbl00068   0x00b396    program     static                          
        ___while_lbl00004   0x00d4d0    program     static                          
        ___while_lbl00005   0x00d4d4    program     static                          
        ___while_lbl00006   0x00d282    program     static                          
        ___while_lbl00007   0x00d286    program     static                          
        ___while_lbl00010   0x00d322    program     static                          
        ___while_lbl00011   0x00d326    program     static                          
        ___while_lbl00013   0x00d346    program     static                          
        ___while_lbl00014   0x00d34a    program     static                          
        ___while_lbl00015   0x00d3ce    program     static                          
        ___while_lbl00016   0x00d3d2    program     static                          
               __config_0   0x00fff8    program     static D:\M1\Q1\Systèmes embarqués\Programmation des systèmes embarqués\PIC18F Starter Kit winners\Snake\SnakeV1.1\main.c
               __config_1   0x00fff9    program     static D:\M1\Q1\Systèmes embarqués\Programmation des systèmes embarqués\PIC18F Starter Kit winners\Snake\SnakeV1.1\main.c
               __config_2   0x00fffa    program     static D:\M1\Q1\Systèmes embarqués\Programmation des systèmes embarqués\PIC18F Starter Kit winners\Snake\SnakeV1.1\main.c
               __config_3   0x00fffb    program     static D:\M1\Q1\Systèmes embarqués\Programmation des systèmes embarqués\PIC18F Starter Kit winners\Snake\SnakeV1.1\main.c
               __config_4   0x00fffc    program     static D:\M1\Q1\Systèmes embarqués\Programmation des systèmes embarqués\PIC18F Starter Kit winners\Snake\SnakeV1.1\main.c
               __config_5   0x00fffd    program     static D:\M1\Q1\Systèmes embarqués\Programmation des systèmes embarqués\PIC18F Starter Kit winners\Snake\SnakeV1.1\main.c
               __config_6   0x00fffe    program     static D:\M1\Q1\Systèmes embarqués\Programmation des systèmes embarqués\PIC18F Starter Kit winners\Snake\SnakeV1.1\main.c
               __config_7   0x00ffff    program     static D:\M1\Q1\Systèmes embarqués\Programmation des systèmes embarqués\PIC18F Starter Kit winners\Snake\SnakeV1.1\main.c
                   __init   0x00a00e    program     extern C:\MCC18\src\traditional\stdclib\__init.c
                   __pa_0   0x00d578    program     static D:\M1\Q1\Systèmes embarqués\Programmation des systèmes embarqués\PIC18F Starter Kit winners\Snake\SnakeV1.1\mtouch.c
                   __pa_0   0x00bcaa    program     static D:\M1\Q1\Systèmes embarqués\Programmation des systèmes embarqués\PIC18F Starter Kit winners\Snake\SnakeV1.1\physics.c
                   __pa_0   0x00db8a    program     static D:\M1\Q1\Systèmes embarqués\Programmation des systèmes embarqués\PIC18F Starter Kit winners\Snake\SnakeV1.1\levels.c
                   __pa_0   0x00b5bc    program     static D:\M1\Q1\Systèmes embarqués\Programmation des systèmes embarqués\PIC18F Starter Kit winners\Snake\SnakeV1.1\main.c
                   __pa_0   0x00cff0    program     static D:\M1\Q1\Systèmes embarqués\Programmation des systèmes embarqués\PIC18F Starter Kit winners\Snake\SnakeV1.1\oled.c
                   __pa_0   0x00c3e4    program     static D:\M1\Q1\Systèmes embarqués\Programmation des systèmes embarqués\PIC18F Starter Kit winners\Snake\SnakeV1.1\graph.c
                   __pa_0   0x00a9a8    program     static C:\MCC18\src\traditional\stdclib\vfprintf.c
                   __pa_1   0x00d588    program     static D:\M1\Q1\Systèmes embarqués\Programmation des systèmes embarqués\PIC18F Starter Kit winners\Snake\SnakeV1.1\mtouch.c
                   __pa_1   0x00d00c    program     static D:\M1\Q1\Systèmes embarqués\Programmation des systèmes embarqués\PIC18F Starter Kit winners\Snake\SnakeV1.1\oled.c
                   __pa_1   0x00b5dc    program     static D:\M1\Q1\Systèmes embarqués\Programmation des systèmes embarqués\PIC18F Starter Kit winners\Snake\SnakeV1.1\main.c
                   __pa_1   0x00bcec    program     static D:\M1\Q1\Systèmes embarqués\Programmation des systèmes embarqués\PIC18F Starter Kit winners\Snake\SnakeV1.1\physics.c
                   __pa_1   0x00c3ea    program     static D:\M1\Q1\Systèmes embarqués\Programmation des systèmes embarqués\PIC18F Starter Kit winners\Snake\SnakeV1.1\graph.c
                   __pa_1   0x00a9b0    program     static C:\MCC18\src\traditional\stdclib\vfprintf.c
                  __pa_10   0x00b68e    program     static D:\M1\Q1\Systèmes embarqués\Programmation des systèmes embarqués\PIC18F Starter Kit winners\Snake\SnakeV1.1\main.c
                  __pa_10   0x00c45e    program     static D:\M1\Q1\Systèmes embarqués\Programmation des systèmes embarqués\PIC18F Starter Kit winners\Snake\SnakeV1.1\graph.c
                  __pa_10   0x00aa64    program     static C:\MCC18\src\traditional\stdclib\vfprintf.c
                  __pa_10   0x00bd88    program     static D:\M1\Q1\Systèmes embarqués\Programmation des systèmes embarqués\PIC18F Starter Kit winners\Snake\SnakeV1.1\physics.c
                  __pa_10   0x00d094    program     static D:\M1\Q1\Systèmes embarqués\Programmation des systèmes embarqués\PIC18F Starter Kit winners\Snake\SnakeV1.1\oled.c
                  __pa_11   0x00aa72    program     static C:\MCC18\src\traditional\stdclib\vfprintf.c
                  __pa_11   0x00c46a    program     static D:\M1\Q1\Systèmes embarqués\Programmation des systèmes embarqués\PIC18F Starter Kit winners\Snake\SnakeV1.1\graph.c
                  __pa_11   0x00bd9a    program     static D:\M1\Q1\Systèmes embarqués\Programmation des systèmes embarqués\PIC18F Starter Kit winners\Snake\SnakeV1.1\physics.c
                  __pa_11   0x00d0a4    program     static D:\M1\Q1\Systèmes embarqués\Programmation des systèmes embarqués\PIC18F Starter Kit winners\Snake\SnakeV1.1\oled.c
                  __pa_11   0x00b698    program     static D:\M1\Q1\Systèmes embarqués\Programmation des systèmes embarqués\PIC18F Starter Kit winners\Snake\SnakeV1.1\main.c
                  __pa_12   0x00bda8    program     static D:\M1\Q1\Systèmes embarqués\Programmation des systèmes embarqués\PIC18F Starter Kit winners\Snake\SnakeV1.1\physics.c
                  __pa_12   0x00b6a6    program     static D:\M1\Q1\Systèmes embarqués\Programmation des systèmes embarqués\PIC18F Starter Kit winners\Snake\SnakeV1.1\main.c
                  __pa_12   0x00c478    program     static D:\M1\Q1\Systèmes embarqués\Programmation des systèmes embarqués\PIC18F Starter Kit winners\Snake\SnakeV1.1\graph.c
                  __pa_12   0x00aa88    program     static C:\MCC18\src\traditional\stdclib\vfprintf.c
                  __pa_12   0x00d0b8    program     static D:\M1\Q1\Systèmes embarqués\Programmation des systèmes embarqués\PIC18F Starter Kit winners\Snake\SnakeV1.1\oled.c
                  __pa_13   0x00bdc4    program     static D:\M1\Q1\Systèmes embarqués\Programmation des systèmes embarqués\PIC18F Starter Kit winners\Snake\SnakeV1.1\physics.c
                  __pa_13   0x00aaa2    program     static C:\MCC18\src\traditional\stdclib\vfprintf.c
                  __pa_13   0x00d0c0    program     static D:\M1\Q1\Systèmes embarqués\Programmation des systèmes embarqués\PIC18F Starter Kit winners\Snake\SnakeV1.1\oled.c
                  __pa_13   0x00b6b4    program     static D:\M1\Q1\Systèmes embarqués\Programmation des systèmes embarqués\PIC18F Starter Kit winners\Snake\SnakeV1.1\main.c
                  __pa_13   0x00c486    program     static D:\M1\Q1\Systèmes embarqués\Programmation des systèmes embarqués\PIC18F Starter Kit winners\Snake\SnakeV1.1\graph.c
                  __pa_14   0x00b6c2    program     static D:\M1\Q1\Systèmes embarqués\Programmation des systèmes embarqués\PIC18F Starter Kit winners\Snake\SnakeV1.1\main.c
                  __pa_14   0x00d0ce    program     static D:\M1\Q1\Systèmes embarqués\Programmation des systèmes embarqués\PIC18F Starter Kit winners\Snake\SnakeV1.1\oled.c
                  __pa_14   0x00aaba    program     static C:\MCC18\src\traditional\stdclib\vfprintf.c
                  __pa_14   0x00bdcc    program     static D:\M1\Q1\Systèmes embarqués\Programmation des systèmes embarqués\PIC18F Starter Kit winners\Snake\SnakeV1.1\physics.c
                  __pa_14   0x00c490    program     static D:\M1\Q1\Systèmes embarqués\Programmation des systèmes embarqués\PIC18F Starter Kit winners\Snake\SnakeV1.1\graph.c
                  __pa_15   0x00d0d8    program     static D:\M1\Q1\Systèmes embarqués\Programmation des systèmes embarqués\PIC18F Starter Kit winners\Snake\SnakeV1.1\oled.c
                  __pa_15   0x00aaca    program     static C:\MCC18\src\traditional\stdclib\vfprintf.c
                  __pa_15   0x00bde4    program     static D:\M1\Q1\Systèmes embarqués\Programmation des systèmes embarqués\PIC18F Starter Kit winners\Snake\SnakeV1.1\physics.c
                  __pa_15   0x00b6cc    program     static D:\M1\Q1\Systèmes embarqués\Programmation des systèmes embarqués\PIC18F Starter Kit winners\Snake\SnakeV1.1\main.c
                  __pa_15   0x00c4c8    program     static D:\M1\Q1\Systèmes embarqués\Programmation des systèmes embarqués\PIC18F Starter Kit winners\Snake\SnakeV1.1\graph.c
                  __pa_16   0x00b6d6    program     static D:\M1\Q1\Systèmes embarqués\Programmation des systèmes embarqués\PIC18F Starter Kit winners\Snake\SnakeV1.1\main.c
                  __pa_16   0x00aae0    program     static C:\MCC18\src\traditional\stdclib\vfprintf.c
                  __pa_16   0x00d122    program     static D:\M1\Q1\Systèmes embarqués\Programmation des systèmes embarqués\PIC18F Starter Kit winners\Snake\SnakeV1.1\oled.c
                  __pa_16   0x00bdf8    program     static D:\M1\Q1\Systèmes embarqués\Programmation des systèmes embarqués\PIC18F Starter Kit winners\Snake\SnakeV1.1\physics.c
                  __pa_16   0x00c4f8    program     static D:\M1\Q1\Systèmes embarqués\Programmation des systèmes embarqués\PIC18F Starter Kit winners\Snake\SnakeV1.1\graph.c
                  __pa_17   0x00c50a    program     static D:\M1\Q1\Systèmes embarqués\Programmation des systèmes embarqués\PIC18F Starter Kit winners\Snake\SnakeV1.1\graph.c
                  __pa_17   0x00aaf2    program     static C:\MCC18\src\traditional\stdclib\vfprintf.c
                  __pa_17   0x00d12e    program     static D:\M1\Q1\Systèmes embarqués\Programmation des systèmes embarqués\PIC18F Starter Kit winners\Snake\SnakeV1.1\oled.c
                  __pa_17   0x00be02    program     static D:\M1\Q1\Systèmes embarqués\Programmation des systèmes embarqués\PIC18F Starter Kit winners\Snake\SnakeV1.1\physics.c
                  __pa_18   0x00c520    program     static D:\M1\Q1\Systèmes embarqués\Programmation des systèmes embarqués\PIC18F Starter Kit winners\Snake\SnakeV1.1\graph.c
                  __pa_18   0x00be14    program     static D:\M1\Q1\Systèmes embarqués\Programmation des systèmes embarqués\PIC18F Starter Kit winners\Snake\SnakeV1.1\physics.c
                  __pa_18   0x00d136    program     static D:\M1\Q1\Systèmes embarqués\Programmation des systèmes embarqués\PIC18F Starter Kit winners\Snake\SnakeV1.1\oled.c
                  __pa_18   0x00ab04    program     static C:\MCC18\src\traditional\stdclib\vfprintf.c
                  __pa_19   0x00be26    program     static D:\M1\Q1\Systèmes embarqués\Programmation des systèmes embarqués\PIC18F Starter Kit winners\Snake\SnakeV1.1\physics.c
                  __pa_19   0x00c532    program     static D:\M1\Q1\Systèmes embarqués\Programmation des systèmes embarqués\PIC18F Starter Kit winners\Snake\SnakeV1.1\graph.c
                  __pa_19   0x00d13e    program     static D:\M1\Q1\Systèmes embarqués\Programmation des systèmes embarqués\PIC18F Starter Kit winners\Snake\SnakeV1.1\oled.c
                  __pa_19   0x00ab0e    program     static C:\MCC18\src\traditional\stdclib\vfprintf.c
                   __pa_2   0x00bcf2    program     static D:\M1\Q1\Systèmes embarqués\Programmation des systèmes embarqués\PIC18F Starter Kit winners\Snake\SnakeV1.1\physics.c
                   __pa_2   0x00b600    program     static D:\M1\Q1\Systèmes embarqués\Programmation des systèmes embarqués\PIC18F Starter Kit winners\Snake\SnakeV1.1\main.c
                   __pa_2   0x00d59c    program     static D:\M1\Q1\Systèmes embarqués\Programmation des systèmes embarqués\PIC18F Starter Kit winners\Snake\SnakeV1.1\mtouch.c
                   __pa_2   0x00d012    program     static D:\M1\Q1\Systèmes embarqués\Programmation des systèmes embarqués\PIC18F Starter Kit winners\Snake\SnakeV1.1\oled.c
                   __pa_2   0x00c3f2    program     static D:\M1\Q1\Systèmes embarqués\Programmation des systèmes embarqués\PIC18F Starter Kit winners\Snake\SnakeV1.1\graph.c
                   __pa_2   0x00a9ba    program     static C:\MCC18\src\traditional\stdclib\vfprintf.c
                  __pa_20   0x00be38    program     static D:\M1\Q1\Systèmes embarqués\Programmation des systèmes embarqués\PIC18F Starter Kit winners\Snake\SnakeV1.1\physics.c
                  __pa_20   0x00d146    program     static D:\M1\Q1\Systèmes embarqués\Programmation des systèmes embarqués\PIC18F Starter Kit winners\Snake\SnakeV1.1\oled.c
                  __pa_20   0x00ab1e    program     static C:\MCC18\src\traditional\stdclib\vfprintf.c
                  __pa_20   0x00c552    program     static D:\M1\Q1\Systèmes embarqués\Programmation des systèmes embarqués\PIC18F Starter Kit winners\Snake\SnakeV1.1\graph.c
                  __pa_21   0x00c564    program     static D:\M1\Q1\Systèmes embarqués\Programmation des systèmes embarqués\PIC18F Starter Kit winners\Snake\SnakeV1.1\graph.c
                  __pa_21   0x00be4a    program     static D:\M1\Q1\Systèmes embarqués\Programmation des systèmes embarqués\PIC18F Starter Kit winners\Snake\SnakeV1.1\physics.c
                  __pa_21   0x00ab2e    program     static C:\MCC18\src\traditional\stdclib\vfprintf.c
                  __pa_21   0x00d150    program     static D:\M1\Q1\Systèmes embarqués\Programmation des systèmes embarqués\PIC18F Starter Kit winners\Snake\SnakeV1.1\oled.c
                  __pa_22   0x00be56    program     static D:\M1\Q1\Systèmes embarqués\Programmation des systèmes embarqués\PIC18F Starter Kit winners\Snake\SnakeV1.1\physics.c
                  __pa_22   0x00ab3e    program     static C:\MCC18\src\traditional\stdclib\vfprintf.c
                  __pa_22   0x00c56c    program     static D:\M1\Q1\Systèmes embarqués\Programmation des systèmes embarqués\PIC18F Starter Kit winners\Snake\SnakeV1.1\graph.c
                  __pa_22   0x00d15c    program     static D:\M1\Q1\Systèmes embarqués\Programmation des systèmes embarqués\PIC18F Starter Kit winners\Snake\SnakeV1.1\oled.c
                  __pa_23   0x00be66    program     static D:\M1\Q1\Systèmes embarqués\Programmation des systèmes embarqués\PIC18F Starter Kit winners\Snake\SnakeV1.1\physics.c
                  __pa_23   0x00c576    program     static D:\M1\Q1\Systèmes embarqués\Programmation des systèmes embarqués\PIC18F Starter Kit winners\Snake\SnakeV1.1\graph.c
                  __pa_23   0x00ab4a    program     static C:\MCC18\src\traditional\stdclib\vfprintf.c
                  __pa_23   0x00d166    program     static D:\M1\Q1\Systèmes embarqués\Programmation des systèmes embarqués\PIC18F Starter Kit winners\Snake\SnakeV1.1\oled.c
                  __pa_24   0x00be76    program     static D:\M1\Q1\Systèmes embarqués\Programmation des systèmes embarqués\PIC18F Starter Kit winners\Snake\SnakeV1.1\physics.c
                  __pa_24   0x00c57e    program     static D:\M1\Q1\Systèmes embarqués\Programmation des systèmes embarqués\PIC18F Starter Kit winners\Snake\SnakeV1.1\graph.c
                  __pa_24   0x00ab58    program     static C:\MCC18\src\traditional\stdclib\vfprintf.c
                  __pa_25   0x00ab60    program     static C:\MCC18\src\traditional\stdclib\vfprintf.c
                  __pa_25   0x00be86    program     static D:\M1\Q1\Systèmes embarqués\Programmation des systèmes embarqués\PIC18F Starter Kit winners\Snake\SnakeV1.1\physics.c
                  __pa_25   0x00c586    program     static D:\M1\Q1\Systèmes embarqués\Programmation des systèmes embarqués\PIC18F Starter Kit winners\Snake\SnakeV1.1\graph.c
                  __pa_26   0x00be96    program     static D:\M1\Q1\Systèmes embarqués\Programmation des systèmes embarqués\PIC18F Starter Kit winners\Snake\SnakeV1.1\physics.c
                  __pa_26   0x00ab6a    program     static C:\MCC18\src\traditional\stdclib\vfprintf.c
                  __pa_26   0x00c590    program     static D:\M1\Q1\Systèmes embarqués\Programmation des systèmes embarqués\PIC18F Starter Kit winners\Snake\SnakeV1.1\graph.c
                  __pa_27   0x00c59a    program     static D:\M1\Q1\Systèmes embarqués\Programmation des systèmes embarqués\PIC18F Starter Kit winners\Snake\SnakeV1.1\graph.c
                  __pa_27   0x00ab74    program     static C:\MCC18\src\traditional\stdclib\vfprintf.c
                  __pa_27   0x00bea4    program     static D:\M1\Q1\Systèmes embarqués\Programmation des systèmes embarqués\PIC18F Starter Kit winners\Snake\SnakeV1.1\physics.c
                  __pa_28   0x00beae    program     static D:\M1\Q1\Systèmes embarqués\Programmation des systèmes embarqués\PIC18F Starter Kit winners\Snake\SnakeV1.1\physics.c
                  __pa_28   0x00ab7c    program     static C:\MCC18\src\traditional\stdclib\vfprintf.c
                  __pa_28   0x00c5a4    program     static D:\M1\Q1\Systèmes embarqués\Programmation des systèmes embarqués\PIC18F Starter Kit winners\Snake\SnakeV1.1\graph.c
                  __pa_29   0x00ab8a    program     static C:\MCC18\src\traditional\stdclib\vfprintf.c
                  __pa_29   0x00bec0    program     static D:\M1\Q1\Systèmes embarqués\Programmation des systèmes embarqués\PIC18F Starter Kit winners\Snake\SnakeV1.1\physics.c
                  __pa_29   0x00c5ac    program     static D:\M1\Q1\Systèmes embarqués\Programmation des systèmes embarqués\PIC18F Starter Kit winners\Snake\SnakeV1.1\graph.c
                   __pa_3   0x00d5b0    program     static D:\M1\Q1\Systèmes embarqués\Programmation des systèmes embarqués\PIC18F Starter Kit winners\Snake\SnakeV1.1\mtouch.c
                   __pa_3   0x00c400    program     static D:\M1\Q1\Systèmes embarqués\Programmation des systèmes embarqués\PIC18F Starter Kit winners\Snake\SnakeV1.1\graph.c
                   __pa_3   0x00d01e    program     static D:\M1\Q1\Systèmes embarqués\Programmation des systèmes embarqués\PIC18F Starter Kit winners\Snake\SnakeV1.1\oled.c
                   __pa_3   0x00b616    program     static D:\M1\Q1\Systèmes embarqués\Programmation des systèmes embarqués\PIC18F Starter Kit winners\Snake\SnakeV1.1\main.c
                   __pa_3   0x00a9c4    program     static C:\MCC18\src\traditional\stdclib\vfprintf.c
                   __pa_3   0x00bd0a    program     static D:\M1\Q1\Systèmes embarqués\Programmation des systèmes embarqués\PIC18F Starter Kit winners\Snake\SnakeV1.1\physics.c
                  __pa_30   0x00aba6    program     static C:\MCC18\src\traditional\stdclib\vfprintf.c
                  __pa_30   0x00c5ba    program     static D:\M1\Q1\Systèmes embarqués\Programmation des systèmes embarqués\PIC18F Starter Kit winners\Snake\SnakeV1.1\graph.c
                  __pa_30   0x00beca    program     static D:\M1\Q1\Systèmes embarqués\Programmation des systèmes embarqués\PIC18F Starter Kit winners\Snake\SnakeV1.1\physics.c
                  __pa_31   0x00abc0    program     static C:\MCC18\src\traditional\stdclib\vfprintf.c
                  __pa_31   0x00c5c2    program     static D:\M1\Q1\Systèmes embarqués\Programmation des systèmes embarqués\PIC18F Starter Kit winners\Snake\SnakeV1.1\graph.c
                  __pa_31   0x00bedc    program     static D:\M1\Q1\Systèmes embarqués\Programmation des systèmes embarqués\PIC18F Starter Kit winners\Snake\SnakeV1.1\physics.c
                  __pa_32   0x00abda    program     static C:\MCC18\src\traditional\stdclib\vfprintf.c
                  __pa_32   0x00c5ca    program     static D:\M1\Q1\Systèmes embarqués\Programmation des systèmes embarqués\PIC18F Starter Kit winners\Snake\SnakeV1.1\graph.c
                  __pa_32   0x00beec    program     static D:\M1\Q1\Systèmes embarqués\Programmation des systèmes embarqués\PIC18F Starter Kit winners\Snake\SnakeV1.1\physics.c
                  __pa_33   0x00c5d2    program     static D:\M1\Q1\Systèmes embarqués\Programmation des systèmes embarqués\PIC18F Starter Kit winners\Snake\SnakeV1.1\graph.c
                  __pa_33   0x00befc    program     static D:\M1\Q1\Systèmes embarqués\Programmation des systèmes embarqués\PIC18F Starter Kit winners\Snake\SnakeV1.1\physics.c
                  __pa_33   0x00abf2    program     static C:\MCC18\src\traditional\stdclib\vfprintf.c
                  __pa_34   0x00c5d8    program     static D:\M1\Q1\Systèmes embarqués\Programmation des systèmes embarqués\PIC18F Starter Kit winners\Snake\SnakeV1.1\graph.c
                  __pa_34   0x00bf0e    program     static D:\M1\Q1\Systèmes embarqués\Programmation des systèmes embarqués\PIC18F Starter Kit winners\Snake\SnakeV1.1\physics.c
                  __pa_34   0x00abfc    program     static C:\MCC18\src\traditional\stdclib\vfprintf.c
                  __pa_35   0x00c5e2    program     static D:\M1\Q1\Systèmes embarqués\Programmation des systèmes embarqués\PIC18F Starter Kit winners\Snake\SnakeV1.1\graph.c
                  __pa_35   0x00bf20    program     static D:\M1\Q1\Systèmes embarqués\Programmation des systèmes embarqués\PIC18F Starter Kit winners\Snake\SnakeV1.1\physics.c
                  __pa_35   0x00ac0a    program     static C:\MCC18\src\traditional\stdclib\vfprintf.c
                  __pa_36   0x00ac12    program     static C:\MCC18\src\traditional\stdclib\vfprintf.c
                  __pa_36   0x00bf32    program     static D:\M1\Q1\Systèmes embarqués\Programmation des systèmes embarqués\PIC18F Starter Kit winners\Snake\SnakeV1.1\physics.c
                  __pa_36   0x00c5ea    program     static D:\M1\Q1\Systèmes embarqués\Programmation des systèmes embarqués\PIC18F Starter Kit winners\Snake\SnakeV1.1\graph.c
                  __pa_37   0x00ac1c    program     static C:\MCC18\src\traditional\stdclib\vfprintf.c
                  __pa_37   0x00c5f2    program     static D:\M1\Q1\Systèmes embarqués\Programmation des systèmes embarqués\PIC18F Starter Kit winners\Snake\SnakeV1.1\graph.c
                  __pa_37   0x00bf44    program     static D:\M1\Q1\Systèmes embarqués\Programmation des systèmes embarqués\PIC18F Starter Kit winners\Snake\SnakeV1.1\physics.c
                  __pa_38   0x00c5fa    program     static D:\M1\Q1\Systèmes embarqués\Programmation des systèmes embarqués\PIC18F Starter Kit winners\Snake\SnakeV1.1\graph.c
                  __pa_38   0x00bf4c    program     static D:\M1\Q1\Systèmes embarqués\Programmation des systèmes embarqués\PIC18F Starter Kit winners\Snake\SnakeV1.1\physics.c
                  __pa_38   0x00ac2c    program     static C:\MCC18\src\traditional\stdclib\vfprintf.c
                  __pa_39   0x00ac3a    program     static C:\MCC18\src\traditional\stdclib\vfprintf.c
                  __pa_39   0x00c600    program     static D:\M1\Q1\Systèmes embarqués\Programmation des systèmes embarqués\PIC18F Starter Kit winners\Snake\SnakeV1.1\graph.c
                   __pa_4   0x00b634    program     static D:\M1\Q1\Systèmes embarqués\Programmation des systèmes embarqués\PIC18F Starter Kit winners\Snake\SnakeV1.1\main.c
                   __pa_4   0x00a9dc    program     static C:\MCC18\src\traditional\stdclib\vfprintf.c
                   __pa_4   0x00d038    program     static D:\M1\Q1\Systèmes embarqués\Programmation des systèmes embarqués\PIC18F Starter Kit winners\Snake\SnakeV1.1\oled.c
                   __pa_4   0x00bd1c    program     static D:\M1\Q1\Systèmes embarqués\Programmation des systèmes embarqués\PIC18F Starter Kit winners\Snake\SnakeV1.1\physics.c
                   __pa_4   0x00c40c    program     static D:\M1\Q1\Systèmes embarqués\Programmation des systèmes embarqués\PIC18F Starter Kit winners\Snake\SnakeV1.1\graph.c
                  __pa_40   0x00ac46    program     static C:\MCC18\src\traditional\stdclib\vfprintf.c
                  __pa_40   0x00c606    program     static D:\M1\Q1\Systèmes embarqués\Programmation des systèmes embarqués\PIC18F Starter Kit winners\Snake\SnakeV1.1\graph.c
                  __pa_41   0x00c616    program     static D:\M1\Q1\Systèmes embarqués\Programmation des systèmes embarqués\PIC18F Starter Kit winners\Snake\SnakeV1.1\graph.c
                  __pa_41   0x00ac52    program     static C:\MCC18\src\traditional\stdclib\vfprintf.c
                  __pa_42   0x00c61e    program     static D:\M1\Q1\Systèmes embarqués\Programmation des systèmes embarqués\PIC18F Starter Kit winners\Snake\SnakeV1.1\graph.c
                  __pa_42   0x00ac5a    program     static C:\MCC18\src\traditional\stdclib\vfprintf.c
                  __pa_43   0x00c624    program     static D:\M1\Q1\Systèmes embarqués\Programmation des systèmes embarqués\PIC18F Starter Kit winners\Snake\SnakeV1.1\graph.c
                  __pa_43   0x00ac64    program     static C:\MCC18\src\traditional\stdclib\vfprintf.c
                  __pa_44   0x00c630    program     static D:\M1\Q1\Systèmes embarqués\Programmation des systèmes embarqués\PIC18F Starter Kit winners\Snake\SnakeV1.1\graph.c
                  __pa_44   0x00ac6a    program     static C:\MCC18\src\traditional\stdclib\vfprintf.c
                  __pa_45   0x00c636    program     static D:\M1\Q1\Systèmes embarqués\Programmation des systèmes embarqués\PIC18F Starter Kit winners\Snake\SnakeV1.1\graph.c
                  __pa_45   0x00ac74    program     static C:\MCC18\src\traditional\stdclib\vfprintf.c
                  __pa_46   0x00c63c    program     static D:\M1\Q1\Systèmes embarqués\Programmation des systèmes embarqués\PIC18F Starter Kit winners\Snake\SnakeV1.1\graph.c
                  __pa_46   0x00ac80    program     static C:\MCC18\src\traditional\stdclib\vfprintf.c
                  __pa_47   0x00c642    program     static D:\M1\Q1\Systèmes embarqués\Programmation des systèmes embarqués\PIC18F Starter Kit winners\Snake\SnakeV1.1\graph.c
                  __pa_48   0x00c648    program     static D:\M1\Q1\Systèmes embarqués\Programmation des systèmes embarqués\PIC18F Starter Kit winners\Snake\SnakeV1.1\graph.c
                  __pa_49   0x00c64e    program     static D:\M1\Q1\Systèmes embarqués\Programmation des systèmes embarqués\PIC18F Starter Kit winners\Snake\SnakeV1.1\graph.c
                   __pa_5   0x00a9f0    program     static C:\MCC18\src\traditional\stdclib\vfprintf.c
                   __pa_5   0x00c414    program     static D:\M1\Q1\Systèmes embarqués\Programmation des systèmes embarqués\PIC18F Starter Kit winners\Snake\SnakeV1.1\graph.c
                   __pa_5   0x00bd2e    program     static D:\M1\Q1\Systèmes embarqués\Programmation des systèmes embarqués\PIC18F Starter Kit winners\Snake\SnakeV1.1\physics.c
                   __pa_5   0x00b644    program     static D:\M1\Q1\Systèmes embarqués\Programmation des systèmes embarqués\PIC18F Starter Kit winners\Snake\SnakeV1.1\main.c
                   __pa_5   0x00d040    program     static D:\M1\Q1\Systèmes embarqués\Programmation des systèmes embarqués\PIC18F Starter Kit winners\Snake\SnakeV1.1\oled.c
                  __pa_50   0x00c654    program     static D:\M1\Q1\Systèmes embarqués\Programmation des systèmes embarqués\PIC18F Starter Kit winners\Snake\SnakeV1.1\graph.c
                  __pa_51   0x00c666    program     static D:\M1\Q1\Systèmes embarqués\Programmation des systèmes embarqués\PIC18F Starter Kit winners\Snake\SnakeV1.1\graph.c
                  __pa_52   0x00c66e    program     static D:\M1\Q1\Systèmes embarqués\Programmation des systèmes embarqués\PIC18F Starter Kit winners\Snake\SnakeV1.1\graph.c
                  __pa_53   0x00c676    program     static D:\M1\Q1\Systèmes embarqués\Programmation des systèmes embarqués\PIC18F Starter Kit winners\Snake\SnakeV1.1\graph.c
                  __pa_54   0x00c67c    program     static D:\M1\Q1\Systèmes embarqués\Programmation des systèmes embarqués\PIC18F Starter Kit winners\Snake\SnakeV1.1\graph.c
                  __pa_55   0x00c684    program     static D:\M1\Q1\Systèmes embarqués\Programmation des systèmes embarqués\PIC18F Starter Kit winners\Snake\SnakeV1.1\graph.c
                  __pa_56   0x00c68a    program     static D:\M1\Q1\Systèmes embarqués\Programmation des systèmes embarqués\PIC18F Starter Kit winners\Snake\SnakeV1.1\graph.c
                  __pa_57   0x00c694    program     static D:\M1\Q1\Systèmes embarqués\Programmation des systèmes embarqués\PIC18F Starter Kit winners\Snake\SnakeV1.1\graph.c
                   __pa_6   0x00b652    program     static D:\M1\Q1\Systèmes embarqués\Programmation des systèmes embarqués\PIC18F Starter Kit winners\Snake\SnakeV1.1\main.c
                   __pa_6   0x00c426    program     static D:\M1\Q1\Systèmes embarqués\Programmation des systèmes embarqués\PIC18F Starter Kit winners\Snake\SnakeV1.1\graph.c
                   __pa_6   0x00aa0c    program     static C:\MCC18\src\traditional\stdclib\vfprintf.c
                   __pa_6   0x00bd34    program     static D:\M1\Q1\Systèmes embarqués\Programmation des systèmes embarqués\PIC18F Starter Kit winners\Snake\SnakeV1.1\physics.c
                   __pa_6   0x00d052    program     static D:\M1\Q1\Systèmes embarqués\Programmation des systèmes embarqués\PIC18F Starter Kit winners\Snake\SnakeV1.1\oled.c
                   __pa_7   0x00bd50    program     static D:\M1\Q1\Systèmes embarqués\Programmation des systèmes embarqués\PIC18F Starter Kit winners\Snake\SnakeV1.1\physics.c
                   __pa_7   0x00c434    program     static D:\M1\Q1\Systèmes embarqués\Programmation des systèmes embarqués\PIC18F Starter Kit winners\Snake\SnakeV1.1\graph.c
                   __pa_7   0x00aa16    program     static C:\MCC18\src\traditional\stdclib\vfprintf.c
                   __pa_7   0x00b664    program     static D:\M1\Q1\Systèmes embarqués\Programmation des systèmes embarqués\PIC18F Starter Kit winners\Snake\SnakeV1.1\main.c
                   __pa_7   0x00d062    program     static D:\M1\Q1\Systèmes embarqués\Programmation des systèmes embarqués\PIC18F Starter Kit winners\Snake\SnakeV1.1\oled.c
                   __pa_8   0x00bd66    program     static D:\M1\Q1\Systèmes embarqués\Programmation des systèmes embarqués\PIC18F Starter Kit winners\Snake\SnakeV1.1\physics.c
                   __pa_8   0x00c43e    program     static D:\M1\Q1\Systèmes embarqués\Programmation des systèmes embarqués\PIC18F Starter Kit winners\Snake\SnakeV1.1\graph.c
                   __pa_8   0x00b66e    program     static D:\M1\Q1\Systèmes embarqués\Programmation des systèmes embarqués\PIC18F Starter Kit winners\Snake\SnakeV1.1\main.c
                   __pa_8   0x00d06c    program     static D:\M1\Q1\Systèmes embarqués\Programmation des systèmes embarqués\PIC18F Starter Kit winners\Snake\SnakeV1.1\oled.c
                   __pa_8   0x00aa22    program     static C:\MCC18\src\traditional\stdclib\vfprintf.c
                   __pa_9   0x00d07a    program     static D:\M1\Q1\Systèmes embarqués\Programmation des systèmes embarqués\PIC18F Starter Kit winners\Snake\SnakeV1.1\oled.c
                   __pa_9   0x00b684    program     static D:\M1\Q1\Systèmes embarqués\Programmation des systèmes embarqués\PIC18F Starter Kit winners\Snake\SnakeV1.1\main.c
                   __pa_9   0x00c446    program     static D:\M1\Q1\Systèmes embarqués\Programmation des systèmes embarqués\PIC18F Starter Kit winners\Snake\SnakeV1.1\graph.c
                   __pa_9   0x00bd76    program     static D:\M1\Q1\Systèmes embarqués\Programmation des systèmes embarqués\PIC18F Starter Kit winners\Snake\SnakeV1.1\physics.c
                   __pa_9   0x00aa44    program     static C:\MCC18\src\traditional\stdclib\vfprintf.c
               __string_0   0x00d939    program     static D:\M1\Q1\Systèmes embarqués\Programmation des systèmes embarqués\PIC18F Starter Kit winners\Snake\SnakeV1.1\main.c
               __string_1   0x00d923    program     static D:\M1\Q1\Systèmes embarqués\Programmation des systèmes embarqués\PIC18F Starter Kit winners\Snake\SnakeV1.1\main.c
              __string_10   0x00d85b    program     static D:\M1\Q1\Systèmes embarqués\Programmation des systèmes embarqués\PIC18F Starter Kit winners\Snake\SnakeV1.1\main.c
              __string_11   0x00d845    program     static D:\M1\Q1\Systèmes embarqués\Programmation des systèmes embarqués\PIC18F Starter Kit winners\Snake\SnakeV1.1\main.c
              __string_12   0x00d82f    program     static D:\M1\Q1\Systèmes embarqués\Programmation des systèmes embarqués\PIC18F Starter Kit winners\Snake\SnakeV1.1\main.c
              __string_13   0x00d81b    program     static D:\M1\Q1\Systèmes embarqués\Programmation des systèmes embarqués\PIC18F Starter Kit winners\Snake\SnakeV1.1\main.c
              __string_14   0x00d805    program     static D:\M1\Q1\Systèmes embarqués\Programmation des systèmes embarqués\PIC18F Starter Kit winners\Snake\SnakeV1.1\main.c
              __string_15   0x00d7ef    program     static D:\M1\Q1\Systèmes embarqués\Programmation des systèmes embarqués\PIC18F Starter Kit winners\Snake\SnakeV1.1\main.c
              __string_16   0x00d7d9    program     static D:\M1\Q1\Systèmes embarqués\Programmation des systèmes embarqués\PIC18F Starter Kit winners\Snake\SnakeV1.1\main.c
              __string_17   0x00d7c3    program     static D:\M1\Q1\Systèmes embarqués\Programmation des systèmes embarqués\PIC18F Starter Kit winners\Snake\SnakeV1.1\main.c
              __string_18   0x00d7b2    program     static D:\M1\Q1\Systèmes embarqués\Programmation des systèmes embarqués\PIC18F Starter Kit winners\Snake\SnakeV1.1\main.c
              __string_19   0x00d79f    program     static D:\M1\Q1\Systèmes embarqués\Programmation des systèmes embarqués\PIC18F Starter Kit winners\Snake\SnakeV1.1\main.c
               __string_2   0x00d90c    program     static D:\M1\Q1\Systèmes embarqués\Programmation des systèmes embarqués\PIC18F Starter Kit winners\Snake\SnakeV1.1\main.c
               __string_3   0x00d8f5    program     static D:\M1\Q1\Systèmes embarqués\Programmation des systèmes embarqués\PIC18F Starter Kit winners\Snake\SnakeV1.1\main.c
               __string_4   0x00d8df    program     static D:\M1\Q1\Systèmes embarqués\Programmation des systèmes embarqués\PIC18F Starter Kit winners\Snake\SnakeV1.1\main.c
               __string_5   0x00d8c9    program     static D:\M1\Q1\Systèmes embarqués\Programmation des systèmes embarqués\PIC18F Starter Kit winners\Snake\SnakeV1.1\main.c
               __string_6   0x00d8b3    program     static D:\M1\Q1\Systèmes embarqués\Programmation des systèmes embarqués\PIC18F Starter Kit winners\Snake\SnakeV1.1\main.c
               __string_7   0x00d89d    program     static D:\M1\Q1\Systèmes embarqués\Programmation des systèmes embarqués\PIC18F Starter Kit winners\Snake\SnakeV1.1\main.c
               __string_8   0x00d887    program     static D:\M1\Q1\Systèmes embarqués\Programmation des systèmes embarqués\PIC18F Starter Kit winners\Snake\SnakeV1.1\main.c
               __string_9   0x00d871    program     static D:\M1\Q1\Systèmes embarqués\Programmation des systèmes embarqués\PIC18F Starter Kit winners\Snake\SnakeV1.1\main.c
               __tmplbl_0   0x00d26c    program     static                          
               __tmplbl_1   0x00d264    program     static                          
              __tmplbl_13   0x00b664    program     static                          
              __tmplbl_42   0x00ab3e    program     static                          
              __tmplbl_43   0x00a986    program     static                          
              __tmplbl_44   0x00a96c    program     static                          
              __tmplbl_85   0x00a0be    program     static                          
            __zero_memory   0x00deac    program     extern C:\MCC18\src\traditional\proc\p18F46J50.asm
                _do_cinit   0x00db96    program     extern C:\MCC18\src\traditional\startup\c018i.c
                   _entry   0x000000    program     extern C:\MCC18\src\traditional\startup\c018i.c
                   _false   0x00ddd0    program     static                          
                   _reset   0x00a000    program     extern D:\M1\Q1\Systèmes embarqués\Programmation des systèmes embarqués\PIC18F Starter Kit winners\Snake\SnakeV1.1\main.c
                 _startup   0x00de62    program     extern C:\MCC18\src\traditional\startup\c018i.c
              _usart_putc   0x00de7e    program     extern C:\MCC18\src\pmc_common\USART\_usartpc.asm
               _user_putc   0x00a006    program     extern C:\MCC18\src\traditional\stdclib\_user_putc.c
               clear_loop   0x00deb2    program     static C:\MCC18\src\traditional\proc\p18F46J50.asm
                copy_loop   0x00dc08    program     static                          
            copy_one_byte   0x00dc0e    program     static                          
                     done   0x00dc32    program     static                          
             done_copying   0x00dc1c    program     static                          
                  endloop   0x00de38    program     static                          
                g_pucFont   0x00d5c4    program     extern D:\M1\Q1\Systèmes embarqués\Programmation des systèmes embarqués\PIC18F Starter Kit winners\Snake\SnakeV1.1\oled.c
                  isdigit   0x00de3e    program     extern C:\MCC18\src\traditional\stdclib\isdigit.asm
                 jANotInf   0x00c8dc    program     static C:\MCC18\src\traditional\math\mulFP.asm
                 jANotInf   0x00c714    program     static C:\MCC18\src\traditional\math\addFP.asm
                 jANotInf   0x00c836    program     static C:\MCC18\src\traditional\math\divFP.asm
                 jANotNeg   0x00c7a8    program     static C:\MCC18\src\traditional\math\addFP.asm
                jANotZero   0x00c84a    program     static C:\MCC18\src\traditional\math\divFP.asm
              jAandWsetup   0x00c778    program     static C:\MCC18\src\traditional\math\addFP.asm
                  jAisNeg   0x00cb98    program     static C:\MCC18\src\traditional\math\compFP.asm
                 jAltBexp   0x00c766    program     static C:\MCC18\src\traditional\math\addFP.asm
                jBANotInf   0x00c70a    program     static C:\MCC18\src\traditional\math\addFP.asm
                 jBNotInf   0x00c722    program     static C:\MCC18\src\traditional\math\addFP.asm
              jBothFinite   0x00c8ea    program     static C:\MCC18\src\traditional\math\mulFP.asm
             jBothNotZero   0x00c8f6    program     static C:\MCC18\src\traditional\math\mulFP.asm
             jBothNotZero   0x00cb3a    program     static C:\MCC18\src\traditional\math\compFP.asm
            jDifOrPosSign   0x00c736    program     static C:\MCC18\src\traditional\math\addFP.asm
                      jEQ   0x00cb56    program     static C:\MCC18\src\traditional\math\compFP.asm
                     jEnd   0x00dd42    program     static C:\MCC18\src\traditional\stdclib\strlen.asm
                     jEnd   0x00dd7a    program     static C:\MCC18\src\traditional\stdclib\slenpgm.asm
                    jExch   0x00cb62    program     static C:\MCC18\src\traditional\math\compFP.asm
                    jExit   0x00cae8    program     static C:\MCC18\src\traditional\math\castFP16.asm
                    jExit   0x00ca8a    program     static C:\MCC18\src\traditional\math\castFP08.asm
                   jExpEQ   0x00cba8    program     static C:\MCC18\src\traditional\math\compFP.asm
                   jFinal   0x00cb8c    program     static C:\MCC18\src\traditional\math\compFP.asm
               jFinalSign   0x00c810    program     static C:\MCC18\src\traditional\math\addFP.asm
                jHaveZero   0x00c8f2    program     static C:\MCC18\src\traditional\math\mulFP.asm
                jI2F08Beg   0x00c6ac    program     static C:\MCC18\src\traditional\math\cast08FP.asm
                jI2F16Beg   0x00c6d4    program     static C:\MCC18\src\traditional\math\cast16FP.asm
                    jLoop   0x00ca72    program     static C:\MCC18\src\traditional\math\castFP08.asm
                    jLoop   0x00c872    program     static C:\MCC18\src\traditional\math\divFP.asm
                    jLoop   0x00dd62    program     static C:\MCC18\src\traditional\stdclib\slenpgm.asm
                    jLoop   0x00cac8    program     static C:\MCC18\src\traditional\math\castFP16.asm
                    jLoop   0x00dd38    program     static C:\MCC18\src\traditional\stdclib\strlen.asm
                jLoopExit   0x00ca80    program     static C:\MCC18\src\traditional\math\castFP08.asm
                jLoopExit   0x00cad8    program     static C:\MCC18\src\traditional\math\castFP16.asm
                   jMatch   0x00de5e    program     static C:\MCC18\src\traditional\stdclib\isdigit.asm
                     jMax   0x00ca9c    program     static C:\MCC18\src\traditional\math\castFP16.asm
                     jMax   0x00ca4e    program     static C:\MCC18\src\traditional\math\castFP08.asm
                  jMaxNeg   0x00caaa    program     static C:\MCC18\src\traditional\math\castFP16.asm
                  jMaxNeg   0x00ca58    program     static C:\MCC18\src\traditional\math\castFP08.asm
                  jMaxPos   0x00caa0    program     static C:\MCC18\src\traditional\math\castFP16.asm
                  jMaxPos   0x00ca52    program     static C:\MCC18\src\traditional\math\castFP08.asm
                      jNE   0x00cb5a    program     static C:\MCC18\src\traditional\math\compFP.asm
                    jNext   0x00c898    program     static C:\MCC18\src\traditional\math\divFP.asm
                jNoAdjust   0x00c896    program     static C:\MCC18\src\traditional\math\divFP.asm
                  jNoExch   0x00cb82    program     static C:\MCC18\src\traditional\math\compFP.asm
                 jNoMatch   0x00de60    program     static C:\MCC18\src\traditional\stdclib\isdigit.asm
             jNotBothZero   0x00c73a    program     static C:\MCC18\src\traditional\math\addFP.asm
                  jNotInf   0x00cab8    program     static C:\MCC18\src\traditional\math\castFP16.asm
                  jNotInf   0x00ca62    program     static C:\MCC18\src\traditional\math\castFP08.asm
                  jPkLoop   0x00cc0c    program     static C:\MCC18\src\traditional\math\packFP.asm
             jPkRoundDone   0x00cc56    program     static C:\MCC18\src\traditional\math\packFP.asm
               jPkRoundIt   0x00cc3e    program     static C:\MCC18\src\traditional\math\packFP.asm
             jPkShiftDone   0x00cc28    program     static C:\MCC18\src\traditional\math\packFP.asm
           jReturnPosInf0   0x00cbe2    program     static C:\MCC18\src\traditional\math\packFP.asm
                  jRotate   0x00cbb4    program     static C:\MCC18\src\traditional\math\compFP.asm
                   jShift   0x00cb9e    program     static C:\MCC18\src\traditional\math\compFP.asm
               jShiftDone   0x00c7d0    program     static C:\MCC18\src\traditional\math\addFP.asm
               jShiftLoop   0x00c7c2    program     static C:\MCC18\src\traditional\math\addFP.asm
                jSignDone   0x00c800    program     static C:\MCC18\src\traditional\math\addFP.asm
              jSignedZero   0x00c840    program     static C:\MCC18\src\traditional\math\divFP.asm
                 jSignsEQ   0x00cb3e    program     static C:\MCC18\src\traditional\math\compFP.asm
                  jUnpkA1   0x00cc80    program     static C:\MCC18\src\traditional\math\UnpackFP.asm
                  jUnpkA2   0x00cc98    program     static C:\MCC18\src\traditional\math\UnpackFP.asm
                 jUnpkANZ   0x00cc8e    program     static C:\MCC18\src\traditional\math\UnpackFP.asm
                  jUnpkB1   0x00ccb0    program     static C:\MCC18\src\traditional\math\UnpackFP.asm
                  jUnpkB2   0x00ccc8    program     static C:\MCC18\src\traditional\math\UnpackFP.asm
                 jUnpkBNZ   0x00ccbe    program     static C:\MCC18\src\traditional\math\UnpackFP.asm
                 jUnpkNaN   0x00cca2    program     static C:\MCC18\src\traditional\math\UnpackFP.asm
                 jWNotNeg   0x00c7bc    program     static C:\MCC18\src\traditional\math\addFP.asm
                    jZero   0x00ca5e    program     static C:\MCC18\src\traditional\math\castFP08.asm
                    jZero   0x00cab2    program     static C:\MCC18\src\traditional\math\castFP16.asm
               jZero1and2   0x00cbe6    program     static C:\MCC18\src\traditional\math\packFP.asm
                   level0   0x00db24    program     extern D:\M1\Q1\Systèmes embarqués\Programmation des systèmes embarqués\PIC18F Starter Kit winners\Snake\SnakeV1.1\levels.c
                   level1   0x00db32    program     extern D:\M1\Q1\Systèmes embarqués\Programmation des systèmes embarqués\PIC18F Starter Kit winners\Snake\SnakeV1.1\levels.c
                   level2   0x00db34    program     extern D:\M1\Q1\Systèmes embarqués\Programmation des systèmes embarqués\PIC18F Starter Kit winners\Snake\SnakeV1.1\levels.c
                   level3   0x00db36    program     extern D:\M1\Q1\Systèmes embarqués\Programmation des systèmes embarqués\PIC18F Starter Kit winners\Snake\SnakeV1.1\levels.c
                   level4   0x00db38    program     extern D:\M1\Q1\Systèmes embarqués\Programmation des systèmes embarqués\PIC18F Starter Kit winners\Snake\SnakeV1.1\levels.c
                   level5   0x00db3a    program     extern D:\M1\Q1\Systèmes embarqués\Programmation des systèmes embarqués\PIC18F Starter Kit winners\Snake\SnakeV1.1\levels.c
                loadLevel   0x00db3c    program     extern D:\M1\Q1\Systèmes embarqués\Programmation des systèmes embarqués\PIC18F Starter Kit winners\Snake\SnakeV1.1\levels.c
                     loop   0x00de8e    program     static C:\MCC18\src\pmc_common\USART\_usartpc.asm
                     loop   0x00de72    program     static                          
                     loop   0x00de1c    program     static                          
                     loop   0x00dd9c    program     static                          
          mTouchCalibrate   0x00d502    program     extern D:\M1\Q1\Systèmes embarqués\Programmation des systèmes embarqués\PIC18F Starter Kit winners\Snake\SnakeV1.1\mtouch.c
               mTouchInit   0x00d42c    program     extern D:\M1\Q1\Systèmes embarqués\Programmation des systèmes embarqués\PIC18F Starter Kit winners\Snake\SnakeV1.1\mtouch.c
         mTouchReadButton   0x00d432    program     extern D:\M1\Q1\Systèmes embarqués\Programmation des systèmes embarqués\PIC18F Starter Kit winners\Snake\SnakeV1.1\mtouch.c
                     main   0x00acaa    program     extern D:\M1\Q1\Systèmes embarqués\Programmation des systèmes embarqués\PIC18F Starter Kit winners\Snake\SnakeV1.1\main.c
             oledPutImage   0x00cf58    program     extern D:\M1\Q1\Systèmes embarqués\Programmation des systèmes embarqués\PIC18F Starter Kit winners\Snake\SnakeV1.1\oled.c
         oledPutNegString   0x00cf3a    program     extern D:\M1\Q1\Systèmes embarqués\Programmation des systèmes embarqués\PIC18F Starter Kit winners\Snake\SnakeV1.1\oled.c
      oledPutROMNegString   0x00cefe    program     extern D:\M1\Q1\Systèmes embarqués\Programmation des systèmes embarqués\PIC18F Starter Kit winners\Snake\SnakeV1.1\oled.c
         oledPutROMString   0x00cee0    program     extern D:\M1\Q1\Systèmes embarqués\Programmation des systèmes embarqués\PIC18F Starter Kit winners\Snake\SnakeV1.1\oled.c
            oledPutString   0x00cf1c    program     extern D:\M1\Q1\Systèmes embarqués\Programmation des systèmes embarqués\PIC18F Starter Kit winners\Snake\SnakeV1.1\oled.c
          oledWriteChar1x   0x00ce58    program     extern D:\M1\Q1\Systèmes embarqués\Programmation des systèmes embarqués\PIC18F Starter Kit winners\Snake\SnakeV1.1\oled.c
       oledWriteNegChar1x   0x00ce9c    program     extern D:\M1\Q1\Systèmes embarqués\Programmation des systèmes embarqués\PIC18F Starter Kit winners\Snake\SnakeV1.1\oled.c
                     putc   0x00dc34    program     extern C:\MCC18\src\traditional\stdclib\putc.c
                     rand   0x00dde4    program     extern C:\MCC18\src\traditional\stdclib\rand.asm
                resetBall   0x00daec    program     extern D:\M1\Q1\Systèmes embarqués\Programmation des systèmes embarqués\PIC18F Starter Kit winners\Snake\SnakeV1.1\levels.c
                 s_digits   0x00de9a    program     static C:\MCC18\src\traditional\stdclib\vfprintf.c
            s_put_n_chars   0x00a068    program     static C:\MCC18\src\traditional\stdclib\vfprintf.c
                  sprintf   0x00da40    program     extern C:\MCC18\src\traditional\stdclib\sprintf.c
                    srand   0x00ddd6    program     extern C:\MCC18\src\traditional\stdclib\rand.asm
                   strlen   0x00dd28    program     extern C:\MCC18\src\traditional\stdclib\strlen.asm
                strlenpgm   0x00dd44    program     extern C:\MCC18\src\traditional\stdclib\slenpgm.asm
                     test   0x00dbb0    program     static                          
                 vfprintf   0x00a094    program     extern C:\MCC18\src\traditional\stdclib\vfprintf.c
                   ADCON0   0x000fc2       data     extern C:\MCC18\src\traditional\proc\p18F46J50.asm
               ADCON0bits   0x000fc2       data     extern C:\MCC18\src\traditional\proc\p18F46J50.asm
                   ADCON1   0x000fc1       data     extern C:\MCC18\src\traditional\proc\p18F46J50.asm
               ADCON1bits   0x000fc1       data     extern C:\MCC18\src\traditional\proc\p18F46J50.asm
                    ADRES   0x000fc3       data     extern C:\MCC18\src\traditional\proc\p18F46J50.asm
                   ADRESH   0x000fc4       data     extern C:\MCC18\src\traditional\proc\p18F46J50.asm
                   ADRESL   0x000fc3       data     extern C:\MCC18\src\traditional\proc\p18F46J50.asm
                  ALRMCFG   0x000f91       data     extern C:\MCC18\src\traditional\proc\p18F46J50.asm
              ALRMCFGbits   0x000f91       data     extern C:\MCC18\src\traditional\proc\p18F46J50.asm
                  ALRMRPT   0x000f90       data     extern C:\MCC18\src\traditional\proc\p18F46J50.asm
              ALRMRPTbits   0x000f90       data     extern C:\MCC18\src\traditional\proc\p18F46J50.asm
                 ALRMVALH   0x000f8f       data     extern C:\MCC18\src\traditional\proc\p18F46J50.asm
                 ALRMVALL   0x000f8e       data     extern C:\MCC18\src\traditional\proc\p18F46J50.asm
                   ANCON0   0x000f48       data     extern C:\MCC18\src\traditional\proc\p18F46J50.asm
               ANCON0bits   0x000f48       data     extern C:\MCC18\src\traditional\proc\p18F46J50.asm
                   ANCON1   0x000f49       data     extern C:\MCC18\src\traditional\proc\p18F46J50.asm
               ANCON1bits   0x000f49       data     extern C:\MCC18\src\traditional\proc\p18F46J50.asm
                  BAUDCON   0x000f7e       data     extern C:\MCC18\src\traditional\proc\p18F46J50.asm
                 BAUDCON1   0x000f7e       data     extern C:\MCC18\src\traditional\proc\p18F46J50.asm
             BAUDCON1bits   0x000f7e       data     extern C:\MCC18\src\traditional\proc\p18F46J50.asm
                 BAUDCON2   0x000f7c       data     extern C:\MCC18\src\traditional\proc\p18F46J50.asm
             BAUDCON2bits   0x000f7c       data     extern C:\MCC18\src\traditional\proc\p18F46J50.asm
              BAUDCONbits   0x000f7e       data     extern C:\MCC18\src\traditional\proc\p18F46J50.asm
                  BAUDCTL   0x000f7e       data     extern C:\MCC18\src\traditional\proc\p18F46J50.asm
              BAUDCTLbits   0x000f7e       data     extern C:\MCC18\src\traditional\proc\p18F46J50.asm
                      BSR   0x000fe0       data     extern C:\MCC18\src\traditional\proc\p18F46J50.asm
                  CCP1CON   0x000fba       data     extern C:\MCC18\src\traditional\proc\p18F46J50.asm
              CCP1CONbits   0x000fba       data     extern C:\MCC18\src\traditional\proc\p18F46J50.asm
                  CCP2CON   0x000fb4       data     extern C:\MCC18\src\traditional\proc\p18F46J50.asm
              CCP2CONbits   0x000fb4       data     extern C:\MCC18\src\traditional\proc\p18F46J50.asm
                    CCPR1   0x000fbb       data     extern C:\MCC18\src\traditional\proc\p18F46J50.asm
                   CCPR1H   0x000fbc       data     extern C:\MCC18\src\traditional\proc\p18F46J50.asm
                   CCPR1L   0x000fbb       data     extern C:\MCC18\src\traditional\proc\p18F46J50.asm
                    CCPR2   0x000fb5       data     extern C:\MCC18\src\traditional\proc\p18F46J50.asm
                   CCPR2H   0x000fb6       data     extern C:\MCC18\src\traditional\proc\p18F46J50.asm
                   CCPR2L   0x000fb5       data     extern C:\MCC18\src\traditional\proc\p18F46J50.asm
                   CM1CON   0x000fd2       data     extern C:\MCC18\src\traditional\proc\p18F46J50.asm
                  CM1CON1   0x000fd2       data     extern C:\MCC18\src\traditional\proc\p18F46J50.asm
              CM1CON1bits   0x000fd2       data     extern C:\MCC18\src\traditional\proc\p18F46J50.asm
               CM1CONbits   0x000fd2       data     extern C:\MCC18\src\traditional\proc\p18F46J50.asm
                   CM2CON   0x000fd1       data     extern C:\MCC18\src\traditional\proc\p18F46J50.asm
                  CM2CON1   0x000fd1       data     extern C:\MCC18\src\traditional\proc\p18F46J50.asm
              CM2CON1bits   0x000fd1       data     extern C:\MCC18\src\traditional\proc\p18F46J50.asm
               CM2CONbits   0x000fd1       data     extern C:\MCC18\src\traditional\proc\p18F46J50.asm
                   CMSTAT   0x000f70       data     extern C:\MCC18\src\traditional\proc\p18F46J50.asm
                 CMSTATUS   0x000f70       data     extern C:\MCC18\src\traditional\proc\p18F46J50.asm
             CMSTATUSbits   0x000f70       data     extern C:\MCC18\src\traditional\proc\p18F46J50.asm
               CMSTATbits   0x000f70       data     extern C:\MCC18\src\traditional\proc\p18F46J50.asm
                 CTMUCONH   0x000fb3       data     extern C:\MCC18\src\traditional\proc\p18F46J50.asm
[...]
                    TRISC   0x000f94       data     extern C:\MCC18\src\traditional\proc\p18F46J50.asm
                TRISDbits   0x000f95       data     extern C:\MCC18\src\traditional\proc\p18F46J50.asm
                    TRISD   0x000f95       data     extern C:\MCC18\src\traditional\proc\p18F46J50.asm
                    TRISE   0x000f96       data     extern C:\MCC18\src\traditional\proc\p18F46J50.asm
                TRISEbits   0x000f96       data     extern C:\MCC18\src\traditional\proc\p18F46J50.asm
               T3GCONbits   0x000f97       data     extern C:\MCC18\src\traditional\proc\p18F46J50.asm
                   T3GCON   0x000f97       data     extern C:\MCC18\src\traditional\proc\p18F46J50.asm
                  RTCVALL   0x000f98       data     extern C:\MCC18\src\traditional\proc\p18F46J50.asm
                  RTCVALH   0x000f99       data     extern C:\MCC18\src\traditional\proc\p18F46J50.asm
               T1GCONbits   0x000f9a       data     extern C:\MCC18\src\traditional\proc\p18F46J50.asm
                   T1GCON   0x000f9a       data     extern C:\MCC18\src\traditional\proc\p18F46J50.asm
                  OSCTUNE   0x000f9b       data     extern C:\MCC18\src\traditional\proc\p18F46J50.asm
              OSCTUNEbits   0x000f9b       data     extern C:\MCC18\src\traditional\proc\p18F46J50.asm
                   RCSTA2   0x000f9c       data     extern C:\MCC18\src\traditional\proc\p18F46J50.asm
               RCSTA2bits   0x000f9c       data     extern C:\MCC18\src\traditional\proc\p18F46J50.asm
                     PIE1   0x000f9d       data     extern C:\MCC18\src\traditional\proc\p18F46J50.asm
                 PIE1bits   0x000f9d       data     extern C:\MCC18\src\traditional\proc\p18F46J50.asm
                     PIR1   0x000f9e       data     extern C:\MCC18\src\traditional\proc\p18F46J50.asm
                 PIR1bits   0x000f9e       data     extern C:\MCC18\src\traditional\proc\p18F46J50.asm
                 IPR1bits   0x000f9f       data     extern C:\MCC18\src\traditional\proc\p18F46J50.asm
                     IPR1   0x000f9f       data     extern C:\MCC18\src\traditional\proc\p18F46J50.asm
                     PIE2   0x000fa0       data     extern C:\MCC18\src\traditional\proc\p18F46J50.asm
                 PIE2bits   0x000fa0       data     extern C:\MCC18\src\traditional\proc\p18F46J50.asm
                     PIR2   0x000fa1       data     extern C:\MCC18\src\traditional\proc\p18F46J50.asm
                 PIR2bits   0x000fa1       data     extern C:\MCC18\src\traditional\proc\p18F46J50.asm
                 IPR2bits   0x000fa2       data     extern C:\MCC18\src\traditional\proc\p18F46J50.asm
                     IPR2   0x000fa2       data     extern C:\MCC18\src\traditional\proc\p18F46J50.asm
                     PIE3   0x000fa3       data     extern C:\MCC18\src\traditional\proc\p18F46J50.asm
                 PIE3bits   0x000fa3       data     extern C:\MCC18\src\traditional\proc\p18F46J50.asm
                     PIR3   0x000fa4       data     extern C:\MCC18\src\traditional\proc\p18F46J50.asm
                 PIR3bits   0x000fa4       data     extern C:\MCC18\src\traditional\proc\p18F46J50.asm
                     IPR3   0x000fa5       data     extern C:\MCC18\src\traditional\proc\p18F46J50.asm
                 IPR3bits   0x000fa5       data     extern C:\MCC18\src\traditional\proc\p18F46J50.asm
               EECON1bits   0x000fa6       data     extern C:\MCC18\src\traditional\proc\p18F46J50.asm
                   EECON1   0x000fa6       data     extern C:\MCC18\src\traditional\proc\p18F46J50.asm
                   EECON2   0x000fa7       data     extern C:\MCC18\src\traditional\proc\p18F46J50.asm
                   TXSTA2   0x000fa8       data     extern C:\MCC18\src\traditional\proc\p18F46J50.asm
               TXSTA2bits   0x000fa8       data     extern C:\MCC18\src\traditional\proc\p18F46J50.asm
                   TXREG2   0x000fa9       data     extern C:\MCC18\src\traditional\proc\p18F46J50.asm
                   RCREG2   0x000faa       data     extern C:\MCC18\src\traditional\proc\p18F46J50.asm
                   SPBRG2   0x000fab       data     extern C:\MCC18\src\traditional\proc\p18F46J50.asm
                RCSTAbits   0x000fac       data     extern C:\MCC18\src\traditional\proc\p18F46J50.asm
                   RCSTA1   0x000fac       data     extern C:\MCC18\src\traditional\proc\p18F46J50.asm
               RCSTA1bits   0x000fac       data     extern C:\MCC18\src\traditional\proc\p18F46J50.asm
                    RCSTA   0x000fac       data     extern C:\MCC18\src\traditional\proc\p18F46J50.asm
                    TXSTA   0x000fad       data     extern C:\MCC18\src\traditional\proc\p18F46J50.asm
                TXSTAbits   0x000fad       data     extern C:\MCC18\src\traditional\proc\p18F46J50.asm
                   TXSTA1   0x000fad       data     extern C:\MCC18\src\traditional\proc\p18F46J50.asm
               TXSTA1bits   0x000fad       data     extern C:\MCC18\src\traditional\proc\p18F46J50.asm
                    TXREG   0x000fae       data     extern C:\MCC18\src\traditional\proc\p18F46J50.asm
                   TXREG1   0x000fae       data     extern C:\MCC18\src\traditional\proc\p18F46J50.asm
                    RCREG   0x000faf       data     extern C:\MCC18\src\traditional\proc\p18F46J50.asm
                   RCREG1   0x000faf       data     extern C:\MCC18\src\traditional\proc\p18F46J50.asm
                    SPBRG   0x000fb0       data     extern C:\MCC18\src\traditional\proc\p18F46J50.asm
                   SPBRG1   0x000fb0       data     extern C:\MCC18\src\traditional\proc\p18F46J50.asm
                 CTMUICON   0x000fb1       data     extern C:\MCC18\src\traditional\proc\p18F46J50.asm
             CTMUICONbits   0x000fb1       data     extern C:\MCC18\src\traditional\proc\p18F46J50.asm
                 CTMUCONL   0x000fb2       data     extern C:\MCC18\src\traditional\proc\p18F46J50.asm
             CTMUCONLbits   0x000fb2       data     extern C:\MCC18\src\traditional\proc\p18F46J50.asm
                 CTMUCONH   0x000fb3       data     extern C:\MCC18\src\traditional\proc\p18F46J50.asm
             CTMUCONHbits   0x000fb3       data     extern C:\MCC18\src\traditional\proc\p18F46J50.asm
             ECCP2CONbits   0x000fb4       data     extern C:\MCC18\src\traditional\proc\p18F46J50.asm
                 ECCP2CON   0x000fb4       data     extern C:\MCC18\src\traditional\proc\p18F46J50.asm
                  CCP2CON   0x000fb4       data     extern C:\MCC18\src\traditional\proc\p18F46J50.asm
              CCP2CONbits   0x000fb4       data     extern C:\MCC18\src\traditional\proc\p18F46J50.asm
                   CCPR2L   0x000fb5       data     extern C:\MCC18\src\traditional\proc\p18F46J50.asm
                    CCPR2   0x000fb5       data     extern C:\MCC18\src\traditional\proc\p18F46J50.asm
                   CCPR2H   0x000fb6       data     extern C:\MCC18\src\traditional\proc\p18F46J50.asm
             ECCP2DELbits   0x000fb7       data     extern C:\MCC18\src\traditional\proc\p18F46J50.asm
                 ECCP2DEL   0x000fb7       data     extern C:\MCC18\src\traditional\proc\p18F46J50.asm
              PWM2CONbits   0x000fb7       data     extern C:\MCC18\src\traditional\proc\p18F46J50.asm
                  PWM2CON   0x000fb7       data     extern C:\MCC18\src\traditional\proc\p18F46J50.asm
              ECCP2ASbits   0x000fb8       data     extern C:\MCC18\src\traditional\proc\p18F46J50.asm
                  ECCP2AS   0x000fb8       data     extern C:\MCC18\src\traditional\proc\p18F46J50.asm
                 PSTR2CON   0x000fb9       data     extern C:\MCC18\src\traditional\proc\p18F46J50.asm
             PSTR2CONbits   0x000fb9       data     extern C:\MCC18\src\traditional\proc\p18F46J50.asm
              CCP1CONbits   0x000fba       data     extern C:\MCC18\src\traditional\proc\p18F46J50.asm
             ECCP1CONbits   0x000fba       data     extern C:\MCC18\src\traditional\proc\p18F46J50.asm
                 ECCP1CON   0x000fba       data     extern C:\MCC18\src\traditional\proc\p18F46J50.asm
                  CCP1CON   0x000fba       data     extern C:\MCC18\src\traditional\proc\p18F46J50.asm
                    CCPR1   0x000fbb       data     extern C:\MCC18\src\traditional\proc\p18F46J50.asm
                   CCPR1L   0x000fbb       data     extern C:\MCC18\src\traditional\proc\p18F46J50.asm
                   CCPR1H   0x000fbc       data     extern C:\MCC18\src\traditional\proc\p18F46J50.asm
                  PWM1CON   0x000fbd       data     extern C:\MCC18\src\traditional\proc\p18F46J50.asm
             ECCP1DELbits   0x000fbd       data     extern C:\MCC18\src\traditional\proc\p18F46J50.asm
                 ECCP1DEL   0x000fbd       data     extern C:\MCC18\src\traditional\proc\p18F46J50.asm
              PWM1CONbits   0x000fbd       data     extern C:\MCC18\src\traditional\proc\p18F46J50.asm
              ECCP1ASbits   0x000fbe       data     extern C:\MCC18\src\traditional\proc\p18F46J50.asm
                  ECCP1AS   0x000fbe       data     extern C:\MCC18\src\traditional\proc\p18F46J50.asm
                 PSTR1CON   0x000fbf       data     extern C:\MCC18\src\traditional\proc\p18F46J50.asm
             PSTR1CONbits   0x000fbf       data     extern C:\MCC18\src\traditional\proc\p18F46J50.asm
                   WDTCON   0x000fc0       data     extern C:\MCC18\src\traditional\proc\p18F46J50.asm
               WDTCONbits   0x000fc0       data     extern C:\MCC18\src\traditional\proc\p18F46J50.asm
                   ADCON1   0x000fc1       data     extern C:\MCC18\src\traditional\proc\p18F46J50.asm
               ADCON1bits   0x000fc1       data     extern C:\MCC18\src\traditional\proc\p18F46J50.asm
                   ADCON0   0x000fc2       data     extern C:\MCC18\src\traditional\proc\p18F46J50.asm
               ADCON0bits   0x000fc2       data     extern C:\MCC18\src\traditional\proc\p18F46J50.asm
                   ADRESL   0x000fc3       data     extern C:\MCC18\src\traditional\proc\p18F46J50.asm
                    ADRES   0x000fc3       data     extern C:\MCC18\src\traditional\proc\p18F46J50.asm
                   ADRESH   0x000fc4       data     extern C:\MCC18\src\traditional\proc\p18F46J50.asm
              SSPCON2bits   0x000fc5       data     extern C:\MCC18\src\traditional\proc\p18F46J50.asm
                  SSPCON2   0x000fc5       data     extern C:\MCC18\src\traditional\proc\p18F46J50.asm
                 SSP1CON2   0x000fc5       data     extern C:\MCC18\src\traditional\proc\p18F46J50.asm
             SSP1CON2bits   0x000fc5       data     extern C:\MCC18\src\traditional\proc\p18F46J50.asm
                 SSP1CON1   0x000fc6       data     extern C:\MCC18\src\traditional\proc\p18F46J50.asm
             SSP1CON1bits   0x000fc6       data     extern C:\MCC18\src\traditional\proc\p18F46J50.asm
              SSPCON1bits   0x000fc6       data     extern C:\MCC18\src\traditional\proc\p18F46J50.asm
                  SSPCON1   0x000fc6       data     extern C:\MCC18\src\traditional\proc\p18F46J50.asm
             SSP1STATbits   0x000fc7       data     extern C:\MCC18\src\traditional\proc\p18F46J50.asm
                 SSP1STAT   0x000fc7       data     extern C:\MCC18\src\traditional\proc\p18F46J50.asm
                  SSPSTAT   0x000fc7       data     extern C:\MCC18\src\traditional\proc\p18F46J50.asm
              SSPSTATbits   0x000fc7       data     extern C:\MCC18\src\traditional\proc\p18F46J50.asm
                   SSPADD   0x000fc8       data     extern C:\MCC18\src\traditional\proc\p18F46J50.asm
               SSPADDbits   0x000fc8       data     extern C:\MCC18\src\traditional\proc\p18F46J50.asm
              SSP1ADDbits   0x000fc8       data     extern C:\MCC18\src\traditional\proc\p18F46J50.asm
                  SSP1ADD   0x000fc8       data     extern C:\MCC18\src\traditional\proc\p18F46J50.asm
                   SSPBUF   0x000fc9       data     extern C:\MCC18\src\traditional\proc\p18F46J50.asm
                  SSP1BUF   0x000fc9       data     extern C:\MCC18\src\traditional\proc\p18F46J50.asm
                    T2CON   0x000fca       data     extern C:\MCC18\src\traditional\proc\p18F46J50.asm
                T2CONbits   0x000fca       data     extern C:\MCC18\src\traditional\proc\p18F46J50.asm
                      PR2   0x000fcb       data     extern C:\MCC18\src\traditional\proc\p18F46J50.asm
                     TMR2   0x000fcc       data     extern C:\MCC18\src\traditional\proc\p18F46J50.asm
                T1CONbits   0x000fcd       data     extern C:\MCC18\src\traditional\proc\p18F46J50.asm
                    T1CON   0x000fcd       data     extern C:\MCC18\src\traditional\proc\p18F46J50.asm
                    TMR1L   0x000fce       data     extern C:\MCC18\src\traditional\proc\p18F46J50.asm
                    TMR1H   0x000fcf       data     extern C:\MCC18\src\traditional\proc\p18F46J50.asm
                     RCON   0x000fd0       data     extern C:\MCC18\src\traditional\proc\p18F46J50.asm
                 RCONbits   0x000fd0       data     extern C:\MCC18\src\traditional\proc\p18F46J50.asm
               CM2CONbits   0x000fd1       data     extern C:\MCC18\src\traditional\proc\p18F46J50.asm
              CM2CON1bits   0x000fd1       data     extern C:\MCC18\src\traditional\proc\p18F46J50.asm
                  CM2CON1   0x000fd1       data     extern C:\MCC18\src\traditional\proc\p18F46J50.asm
                   CM2CON   0x000fd1       data     extern C:\MCC18\src\traditional\proc\p18F46J50.asm
               CM1CONbits   0x000fd2       data     extern C:\MCC18\src\traditional\proc\p18F46J50.asm
              CM1CON1bits   0x000fd2       data     extern C:\MCC18\src\traditional\proc\p18F46J50.asm
                  CM1CON1   0x000fd2       data     extern C:\MCC18\src\traditional\proc\p18F46J50.asm
                   CM1CON   0x000fd2       data     extern C:\MCC18\src\traditional\proc\p18F46J50.asm
                   OSCCON   0x000fd3       data     extern C:\MCC18\src\traditional\proc\p18F46J50.asm
               OSCCONbits   0x000fd3       data     extern C:\MCC18\src\traditional\proc\p18F46J50.asm
                T0CONbits   0x000fd5       data     extern C:\MCC18\src\traditional\proc\p18F46J50.asm
                    T0CON   0x000fd5       data     extern C:\MCC18\src\traditional\proc\p18F46J50.asm
                    TMR0L   0x000fd6       data     extern C:\MCC18\src\traditional\proc\p18F46J50.asm
                    TMR0H   0x000fd7       data     extern C:\MCC18\src\traditional\proc\p18F46J50.asm
               STATUSbits   0x000fd8       data     extern C:\MCC18\src\traditional\proc\p18F46J50.asm
                   STATUS   0x000fd8       data     extern C:\MCC18\src\traditional\proc\p18F46J50.asm
                    FSR2L   0x000fd9       data     extern C:\MCC18\src\traditional\proc\p18F46J50.asm
                     FSR2   0x000fd9       data     extern C:\MCC18\src\traditional\proc\p18F46J50.asm
                    FSR2H   0x000fda       data     extern C:\MCC18\src\traditional\proc\p18F46J50.asm
                   PLUSW2   0x000fdb       data     extern C:\MCC18\src\traditional\proc\p18F46J50.asm
                  PREINC2   0x000fdc       data     extern C:\MCC18\src\traditional\proc\p18F46J50.asm
                 POSTDEC2   0x000fdd       data     extern C:\MCC18\src\traditional\proc\p18F46J50.asm
                 POSTINC2   0x000fde       data     extern C:\MCC18\src\traditional\proc\p18F46J50.asm
                    INDF2   0x000fdf       data     extern C:\MCC18\src\traditional\proc\p18F46J50.asm
                      BSR   0x000fe0       data     extern C:\MCC18\src\traditional\proc\p18F46J50.asm
                     FSR1   0x000fe1       data     extern C:\MCC18\src\traditional\proc\p18F46J50.asm
                    FSR1L   0x000fe1       data     extern C:\MCC18\src\traditional\proc\p18F46J50.asm
                    FSR1H   0x000fe2       data     extern C:\MCC18\src\traditional\proc\p18F46J50.asm
                   PLUSW1   0x000fe3       data     extern C:\MCC18\src\traditional\proc\p18F46J50.asm
                  PREINC1   0x000fe4       data     extern C:\MCC18\src\traditional\proc\p18F46J50.asm
                 POSTDEC1   0x000fe5       data     extern C:\MCC18\src\traditional\proc\p18F46J50.asm
                 POSTINC1   0x000fe6       data     extern C:\MCC18\src\traditional\proc\p18F46J50.asm
                    INDF1   0x000fe7       data     extern C:\MCC18\src\traditional\proc\p18F46J50.asm
                     WREG   0x000fe8       data     extern C:\MCC18\src\traditional\proc\p18F46J50.asm
                    FSR0L   0x000fe9       data     extern C:\MCC18\src\traditional\proc\p18F46J50.asm
                     FSR0   0x000fe9       data     extern C:\MCC18\src\traditional\proc\p18F46J50.asm
                    FSR0H   0x000fea       data     extern C:\MCC18\src\traditional\proc\p18F46J50.asm
                   PLUSW0   0x000feb       data     extern C:\MCC18\src\traditional\proc\p18F46J50.asm
                  PREINC0   0x000fec       data     extern C:\MCC18\src\traditional\proc\p18F46J50.asm
                 POSTDEC0   0x000fed       data     extern C:\MCC18\src\traditional\proc\p18F46J50.asm
                 POSTINC0   0x000fee       data     extern C:\MCC18\src\traditional\proc\p18F46J50.asm
                    INDF0   0x000fef       data     extern C:\MCC18\src\traditional\proc\p18F46J50.asm
                  INTCON3   0x000ff0       data     extern C:\MCC18\src\traditional\proc\p18F46J50.asm
              INTCON3bits   0x000ff0       data     extern C:\MCC18\src\traditional\proc\p18F46J50.asm
                  INTCON2   0x000ff1       data     extern C:\MCC18\src\traditional\proc\p18F46J50.asm
              INTCON2bits   0x000ff1       data     extern C:\MCC18\src\traditional\proc\p18F46J50.asm
               INTCONbits   0x000ff2       data     extern C:\MCC18\src\traditional\proc\p18F46J50.asm
                   INTCON   0x000ff2       data     extern C:\MCC18\src\traditional\proc\p18F46J50.asm
                    PRODL   0x000ff3       data     extern C:\MCC18\src\traditional\proc\p18F46J50.asm
                     PROD   0x000ff3       data     extern C:\MCC18\src\traditional\proc\p18F46J50.asm
                    PRODH   0x000ff4       data     extern C:\MCC18\src\traditional\proc\p18F46J50.asm
                   TABLAT   0x000ff5       data     extern C:\MCC18\src\traditional\proc\p18F46J50.asm
                   TBLPTR   0x000ff6       data     extern C:\MCC18\src\traditional\proc\p18F46J50.asm
                  TBLPTRL   0x000ff6       data     extern C:\MCC18\src\traditional\proc\p18F46J50.asm
                  TBLPTRH   0x000ff7       data     extern C:\MCC18\src\traditional\proc\p18F46J50.asm
                  TBLPTRU   0x000ff8       data     extern C:\MCC18\src\traditional\proc\p18F46J50.asm
                       PC   0x000ff9       data     extern C:\MCC18\src\traditional\proc\p18F46J50.asm
                      PCL   0x000ff9       data     extern C:\MCC18\src\traditional\proc\p18F46J50.asm
                   PCLATH   0x000ffa       data     extern C:\MCC18\src\traditional\proc\p18F46J50.asm
                   PCLATU   0x000ffb       data     extern C:\MCC18\src\traditional\proc\p18F46J50.asm
               STKPTRbits   0x000ffc       data     extern C:\MCC18\src\traditional\proc\p18F46J50.asm
                   STKPTR   0x000ffc       data     extern C:\MCC18\src\traditional\proc\p18F46J50.asm
                      TOS   0x000ffd       data     extern C:\MCC18\src\traditional\proc\p18F46J50.asm
                     TOSL   0x000ffd       data     extern C:\MCC18\src\traditional\proc\p18F46J50.asm
                     TOSH   0x000ffe       data     extern C:\MCC18\src\traditional\proc\p18F46J50.asm
                     TOSU   0x000fff       data     extern C:\MCC18\src\traditional\proc\p18F46J50.asm


